Component: Arm Compiler for Embedded 6.22 Tool: armlink [5ee90200]

==============================================================================

Section Cross References

    startup_stm32f405xx.o(STACK) refers (Special) to heapauxi.o(.text) for __use_two_region_memory
    startup_stm32f405xx.o(HEAP) refers (Special) to heapauxi.o(.text) for __use_two_region_memory
    startup_stm32f405xx.o(RESET) refers (Special) to heapauxi.o(.text) for __use_two_region_memory
    startup_stm32f405xx.o(RESET) refers to startup_stm32f405xx.o(STACK) for __initial_sp
    startup_stm32f405xx.o(RESET) refers to startup_stm32f405xx.o(.text) for Reset_Handler
    startup_stm32f405xx.o(RESET) refers to stm32f4xx_it.o(.text.NMI_Handler) for NMI_Handler
    startup_stm32f405xx.o(RESET) refers to stm32f4xx_it.o(.text.HardFault_Handler) for HardFault_Handler
    startup_stm32f405xx.o(RESET) refers to stm32f4xx_it.o(.text.MemManage_Handler) for MemManage_Handler
    startup_stm32f405xx.o(RESET) refers to stm32f4xx_it.o(.text.BusFault_Handler) for BusFault_Handler
    startup_stm32f405xx.o(RESET) refers to stm32f4xx_it.o(.text.UsageFault_Handler) for UsageFault_Handler
    startup_stm32f405xx.o(RESET) refers to stm32f4xx_it.o(.text.SVC_Handler) for SVC_Handler
    startup_stm32f405xx.o(RESET) refers to stm32f4xx_it.o(.text.DebugMon_Handler) for DebugMon_Handler
    startup_stm32f405xx.o(RESET) refers to stm32f4xx_it.o(.text.PendSV_Handler) for PendSV_Handler
    startup_stm32f405xx.o(RESET) refers to stm32f4xx_it.o(.text.SysTick_Handler) for SysTick_Handler
    startup_stm32f405xx.o(RESET) refers to stm32f4xx_it.o(.text.DMA1_Stream5_IRQHandler) for DMA1_Stream5_IRQHandler
    startup_stm32f405xx.o(RESET) refers to stm32f4xx_it.o(.text.DMA1_Stream6_IRQHandler) for DMA1_Stream6_IRQHandler
    startup_stm32f405xx.o(RESET) refers to stm32f4xx_it.o(.text.USART1_IRQHandler) for USART1_IRQHandler
    startup_stm32f405xx.o(RESET) refers to stm32f4xx_it.o(.text.USART2_IRQHandler) for USART2_IRQHandler
    startup_stm32f405xx.o(RESET) refers to stm32f4xx_it.o(.text.DMA2_Stream2_IRQHandler) for DMA2_Stream2_IRQHandler
    startup_stm32f405xx.o(RESET) refers to stm32f4xx_it.o(.text.DMA2_Stream7_IRQHandler) for DMA2_Stream7_IRQHandler
    startup_stm32f405xx.o(.text) refers (Special) to heapauxi.o(.text) for __use_two_region_memory
    startup_stm32f405xx.o(.text) refers to system_stm32f4xx.o(.text.SystemInit) for SystemInit
    startup_stm32f405xx.o(.text) refers to __main.o(!!!main) for __main
    startup_stm32f405xx.o(.text) refers to startup_stm32f405xx.o(HEAP) for Heap_Mem
    startup_stm32f405xx.o(.text) refers to startup_stm32f405xx.o(STACK) for Stack_Mem
    main.o(.text.Hi05RCallBack) refers to main.o(.bss.Hi05RUart) for Hi05RUart
    main.o(.text.Hi05RCallBack) refers to main.o(.bss.odom_imu) for odom_imu
    main.o(.text.Hi05RCallBack) refers to hi05r.o(.text.HI05R_get) for HI05R_get
    main.o(.ARM.exidx.text.Hi05RCallBack) refers to main.o(.text.Hi05RCallBack) for [Anonymous Symbol]
    main.o(.text.main) refers to stm32f4xx_hal.o(.text.HAL_Init) for HAL_Init
    main.o(.text.main) refers to main.o(.text.SystemClock_Config) for SystemClock_Config
    main.o(.text.main) refers to gpio.o(.text.MX_GPIO_Init) for MX_GPIO_Init
    main.o(.text.main) refers to dma.o(.text.MX_DMA_Init) for MX_DMA_Init
    main.o(.text.main) refers to usart.o(.text.MX_USART2_UART_Init) for MX_USART2_UART_Init
    main.o(.text.main) refers to spi.o(.text.MX_SPI1_Init) for MX_SPI1_Init
    main.o(.text.main) refers to usart.o(.text.MX_USART1_UART_Init) for MX_USART1_UART_Init
    main.o(.text.main) refers to main.o(.bss.init_config) for init_config
    main.o(.text.main) refers to usart.o(.bss.huart2) for huart2
    main.o(.text.main) refers to main.o(.text.Hi05RCallBack) for Hi05RCallBack
    main.o(.text.main) refers to main.o(.bss.Hi05RUart) for Hi05RUart
    main.o(.text.main) refers to bsp_usart.o(.text.USARTRegister) for USARTRegister
    main.o(.text.main) refers to stm32f4xx_hal_gpio.o(.text.HAL_GPIO_WritePin) for HAL_GPIO_WritePin
    main.o(.text.main) refers to dtek_tle5012b.o(.text.readBlockCRC) for readBlockCRC
    main.o(.text.main) refers to stm32f4xx_hal.o(.text.HAL_Delay) for HAL_Delay
    main.o(.text.main) refers to dtek_tle5012b.o(.text.getAngleSpeed) for getAngleSpeed
    main.o(.text.main) refers to dtek_tle5012b.o(.text.getAngleValue) for getAngleValue
    main.o(.text.main) refers to dtek_tle5012b.o(.text.getNumRevolutions) for getNumRevolutions
    main.o(.text.main) refers to dtek_tle5012b.o(.text.getUpdAngleSpeed) for getUpdAngleSpeed
    main.o(.text.main) refers to dtek_tle5012b.o(.text.getUpdAngleValue) for getUpdAngleValue
    main.o(.text.main) refers to dtek_tle5012b.o(.text.getUpdNumRevolutions) for getUpdNumRevolutions
    main.o(.text.main) refers to dtek_tle5012b.o(.text.getTemperature) for getTemperature
    main.o(.text.main) refers to dtek_tle5012b.o(.text.getAngleRange) for getAngleRange
[...]
    stm32f4xx_hal_cortex.c                   0x00000000   Number         0  stm32f4xx_hal_cortex.o ABSOLUTE
    stm32f4xx_hal_dma.c                      0x00000000   Number         0  stm32f4xx_hal_dma.o ABSOLUTE
    stm32f4xx_hal_dma_ex.c                   0x00000000   Number         0  stm32f4xx_hal_dma_ex.o ABSOLUTE
    stm32f4xx_hal_exti.c                     0x00000000   Number         0  stm32f4xx_hal_exti.o ABSOLUTE
    stm32f4xx_hal_flash.c                    0x00000000   Number         0  stm32f4xx_hal_flash.o ABSOLUTE
    stm32f4xx_hal_flash_ex.c                 0x00000000   Number         0  stm32f4xx_hal_flash_ex.o ABSOLUTE
    stm32f4xx_hal_flash_ramfunc.c            0x00000000   Number         0  stm32f4xx_hal_flash_ramfunc.o ABSOLUTE
    stm32f4xx_hal_gpio.c                     0x00000000   Number         0  stm32f4xx_hal_gpio.o ABSOLUTE
    stm32f4xx_hal_msp.c                      0x00000000   Number         0  stm32f4xx_hal_msp.o ABSOLUTE
    stm32f4xx_hal_pwr.c                      0x00000000   Number         0  stm32f4xx_hal_pwr.o ABSOLUTE
    stm32f4xx_hal_pwr_ex.c                   0x00000000   Number         0  stm32f4xx_hal_pwr_ex.o ABSOLUTE
    stm32f4xx_hal_rcc.c                      0x00000000   Number         0  stm32f4xx_hal_rcc.o ABSOLUTE
    stm32f4xx_hal_rcc_ex.c                   0x00000000   Number         0  stm32f4xx_hal_rcc_ex.o ABSOLUTE
    stm32f4xx_hal_spi.c                      0x00000000   Number         0  stm32f4xx_hal_spi.o ABSOLUTE
    stm32f4xx_hal_uart.c                     0x00000000   Number         0  stm32f4xx_hal_uart.o ABSOLUTE
    stm32f4xx_it.c                           0x00000000   Number         0  stm32f4xx_it.o ABSOLUTE
    system_stm32f4xx.c                       0x00000000   Number         0  system_stm32f4xx.o ABSOLUTE
    usart.c                                  0x00000000   Number         0  usart.o ABSOLUTE
    RESET                                    0x08000000   Section      392  startup_stm32f405xx.o(RESET)
    !!!main                                  0x08000188   Section        8  __main.o(!!!main)
    !!!scatter                               0x08000190   Section       92  __scatter.o(!!!scatter)
    !!handler_copy                           0x080001ec   Section       26  __scatter_copy.o(!!handler_copy)
    !!handler_null                           0x08000208   Section        2  __scatter.o(!!handler_null)
    !!handler_zi                             0x0800020c   Section       28  __scatter_zi.o(!!handler_zi)
    .ARM.Collect$$libinit$$00000000          0x08000228   Section        2  libinit.o(.ARM.Collect$$libinit$$00000000)
    .ARM.Collect$$libinit$$00000001          0x0800022a   Section        4  libinit2.o(.ARM.Collect$$libinit$$00000001)
    .ARM.Collect$$libinit$$00000004          0x0800022e   Section        0  libinit2.o(.ARM.Collect$$libinit$$00000004)
    .ARM.Collect$$libinit$$00000006          0x0800022e   Section        0  libinit2.o(.ARM.Collect$$libinit$$00000006)
    .ARM.Collect$$libinit$$0000000C          0x0800022e   Section        0  libinit2.o(.ARM.Collect$$libinit$$0000000C)
    .ARM.Collect$$libinit$$0000000E          0x0800022e   Section        0  libinit2.o(.ARM.Collect$$libinit$$0000000E)
    .ARM.Collect$$libinit$$00000010          0x0800022e   Section        0  libinit2.o(.ARM.Collect$$libinit$$00000010)
    .ARM.Collect$$libinit$$00000013          0x0800022e   Section        0  libinit2.o(.ARM.Collect$$libinit$$00000013)
    .ARM.Collect$$libinit$$00000015          0x0800022e   Section        0  libinit2.o(.ARM.Collect$$libinit$$00000015)
    .ARM.Collect$$libinit$$00000017          0x0800022e   Section        0  libinit2.o(.ARM.Collect$$libinit$$00000017)
    .ARM.Collect$$libinit$$00000019          0x0800022e   Section        0  libinit2.o(.ARM.Collect$$libinit$$00000019)
    .ARM.Collect$$libinit$$0000001B          0x0800022e   Section        0  libinit2.o(.ARM.Collect$$libinit$$0000001B)
    .ARM.Collect$$libinit$$0000001D          0x0800022e   Section        0  libinit2.o(.ARM.Collect$$libinit$$0000001D)
    .ARM.Collect$$libinit$$0000001F          0x0800022e   Section        0  libinit2.o(.ARM.Collect$$libinit$$0000001F)
    .ARM.Collect$$libinit$$00000021          0x0800022e   Section        0  libinit2.o(.ARM.Collect$$libinit$$00000021)
    .ARM.Collect$$libinit$$00000023          0x0800022e   Section        0  libinit2.o(.ARM.Collect$$libinit$$00000023)
    .ARM.Collect$$libinit$$00000025          0x0800022e   Section        0  libinit2.o(.ARM.Collect$$libinit$$00000025)
    .ARM.Collect$$libinit$$00000027          0x0800022e   Section        0  libinit2.o(.ARM.Collect$$libinit$$00000027)
    .ARM.Collect$$libinit$$0000002E          0x0800022e   Section        0  libinit2.o(.ARM.Collect$$libinit$$0000002E)
    .ARM.Collect$$libinit$$00000030          0x0800022e   Section        0  libinit2.o(.ARM.Collect$$libinit$$00000030)
    .ARM.Collect$$libinit$$00000032          0x0800022e   Section        0  libinit2.o(.ARM.Collect$$libinit$$00000032)
    .ARM.Collect$$libinit$$00000034          0x0800022e   Section        0  libinit2.o(.ARM.Collect$$libinit$$00000034)
    .ARM.Collect$$libinit$$00000035          0x0800022e   Section        2  libinit2.o(.ARM.Collect$$libinit$$00000035)
    .ARM.Collect$$libshutdown$$00000000      0x08000230   Section        2  libshutdown.o(.ARM.Collect$$libshutdown$$00000000)
    .ARM.Collect$$libshutdown$$00000002      0x08000232   Section        0  libshutdown2.o(.ARM.Collect$$libshutdown$$00000002)
    .ARM.Collect$$libshutdown$$00000004      0x08000232   Section        0  libshutdown2.o(.ARM.Collect$$libshutdown$$00000004)
    .ARM.Collect$$libshutdown$$00000007      0x08000232   Section        0  libshutdown2.o(.ARM.Collect$$libshutdown$$00000007)
    .ARM.Collect$$libshutdown$$0000000A      0x08000232   Section        0  libshutdown2.o(.ARM.Collect$$libshutdown$$0000000A)
    .ARM.Collect$$libshutdown$$0000000C      0x08000232   Section        0  libshutdown2.o(.ARM.Collect$$libshutdown$$0000000C)
    .ARM.Collect$$libshutdown$$0000000F      0x08000232   Section        0  libshutdown2.o(.ARM.Collect$$libshutdown$$0000000F)
    .ARM.Collect$$libshutdown$$00000010      0x08000232   Section        2  libshutdown2.o(.ARM.Collect$$libshutdown$$00000010)
    .ARM.Collect$$rtentry$$00000000          0x08000234   Section        0  __rtentry.o(.ARM.Collect$$rtentry$$00000000)
    .ARM.Collect$$rtentry$$00000002          0x08000234   Section        0  __rtentry2.o(.ARM.Collect$$rtentry$$00000002)
    .ARM.Collect$$rtentry$$00000004          0x08000234   Section        6  __rtentry4.o(.ARM.Collect$$rtentry$$00000004)
    .ARM.Collect$$rtentry$$00000009          0x0800023a   Section        0  __rtentry2.o(.ARM.Collect$$rtentry$$00000009)
    .ARM.Collect$$rtentry$$0000000A          0x0800023a   Section        4  __rtentry2.o(.ARM.Collect$$rtentry$$0000000A)
    .ARM.Collect$$rtentry$$0000000C          0x0800023e   Section        0  __rtentry2.o(.ARM.Collect$$rtentry$$0000000C)
    .ARM.Collect$$rtentry$$0000000D          0x0800023e   Section        8  __rtentry2.o(.ARM.Collect$$rtentry$$0000000D)
    .ARM.Collect$$rtexit$$00000000           0x08000246   Section        2  rtexit.o(.ARM.Collect$$rtexit$$00000000)
    .ARM.Collect$$rtexit$$00000002           0x08000248   Section        0  rtexit2.o(.ARM.Collect$$rtexit$$00000002)
    .ARM.Collect$$rtexit$$00000003           0x08000248   Section        4  rtexit2.o(.ARM.Collect$$rtexit$$00000003)
    .ARM.Collect$$rtexit$$00000004           0x0800024c   Section        6  rtexit2.o(.ARM.Collect$$rtexit$$00000004)
    $v0                                      0x08000254   Number         0  startup_stm32f405xx.o(.text)
    .text                                    0x08000254   Section       64  startup_stm32f405xx.o(.text)
    .text                                    0x08000294   Section      240  lludivv7m.o(.text)
    .text                                    0x08000384   Section       78  rt_memclr_w.o(.text)
    .text                                    0x080003d2   Section        0  heapauxi.o(.text)
    .text                                    0x080003d8   Section       74  sys_stackheap_outer.o(.text)
    .text                                    0x08000422   Section        0  exit.o(.text)
    .text                                    0x08000434   Section        8  libspace.o(.text)
    .text                                    0x0800043c   Section        0  sys_exit.o(.text)
    .text                                    0x08000448   Section        2  use_no_semi.o(.text)
    .text                                    0x0800044a   Section        0  indicate_semi.o(.text)
    [Anonymous Symbol]                       0x0800044c   Section        0  stm32f4xx_it.o(.text.BusFault_Handler)
    [Anonymous Symbol]                       0x08000450   Section        0  stm32f4xx_it.o(.text.DMA1_Stream5_IRQHandler)
    [Anonymous Symbol]                       0x08000460   Section        0  stm32f4xx_it.o(.text.DMA1_Stream6_IRQHandler)
    [Anonymous Symbol]                       0x08000470   Section        0  stm32f4xx_it.o(.text.DMA2_Stream2_IRQHandler)
    [Anonymous Symbol]                       0x08000480   Section        0  stm32f4xx_it.o(.text.DMA2_Stream7_IRQHandler)
    DMA_CalcBaseAndBitshift                  0x08000491   Thumb Code    86  stm32f4xx_hal_dma.o(.text.DMA_CalcBaseAndBitshift)
    [Anonymous Symbol]                       0x08000490   Section        0  stm32f4xx_hal_dma.o(.text.DMA_CalcBaseAndBitshift)
    DMA_CheckFifoParam                       0x080004e9   Thumb Code   240  stm32f4xx_hal_dma.o(.text.DMA_CheckFifoParam)
    [Anonymous Symbol]                       0x080004e8   Section        0  stm32f4xx_hal_dma.o(.text.DMA_CheckFifoParam)
    DMA_SetConfig                            0x080005d9   Thumb Code    80  stm32f4xx_hal_dma.o(.text.DMA_SetConfig)
    [Anonymous Symbol]                       0x080005d8   Section        0  stm32f4xx_hal_dma.o(.text.DMA_SetConfig)
    [Anonymous Symbol]                       0x08000628   Section        0  stm32f4xx_it.o(.text.DebugMon_Handler)
    [Anonymous Symbol]                       0x0800062c   Section        0  main.o(.text.Error_Handler)
    [Anonymous Symbol]                       0x08000634   Section        0  stm32f4xx_hal_dma.o(.text.HAL_DMA_Abort)
    [Anonymous Symbol]                       0x08000720   Section        0  stm32f4xx_hal_dma.o(.text.HAL_DMA_Abort_IT)
    [Anonymous Symbol]                       0x08000764   Section        0  stm32f4xx_hal_dma.o(.text.HAL_DMA_IRQHandler)
    [Anonymous Symbol]                       0x08000a84   Section        0  stm32f4xx_hal_dma.o(.text.HAL_DMA_Init)
    [Anonymous Symbol]                       0x08000bf4   Section        0  stm32f4xx_hal_dma.o(.text.HAL_DMA_Start_IT)
    [Anonymous Symbol]                       0x08000cb8   Section        0  stm32f4xx_hal.o(.text.HAL_Delay)
    [Anonymous Symbol]                       0x08000cfc   Section        0  stm32f4xx_hal_gpio.o(.text.HAL_GPIO_Init)
    [Anonymous Symbol]                       0x080010b4   Section        0  stm32f4xx_hal_gpio.o(.text.HAL_GPIO_WritePin)
    [Anonymous Symbol]                       0x080010e4   Section        0  stm32f4xx_hal.o(.text.HAL_GetTick)
    [Anonymous Symbol]                       0x080010f0   Section        0  stm32f4xx_hal.o(.text.HAL_IncTick)
    [Anonymous Symbol]                       0x0800110c   Section        0  stm32f4xx_hal.o(.text.HAL_Init)
    [Anonymous Symbol]                       0x08001144   Section        0  stm32f4xx_hal.o(.text.HAL_InitTick)
    [Anonymous Symbol]                       0x080011b4   Section        0  stm32f4xx_hal_msp.o(.text.HAL_MspInit)
    [Anonymous Symbol]                       0x08001200   Section        0  stm32f4xx_hal_cortex.o(.text.HAL_NVIC_EnableIRQ)
    [Anonymous Symbol]                       0x08001214   Section        0  stm32f4xx_hal_cortex.o(.text.HAL_NVIC_SetPriority)
    [Anonymous Symbol]                       0x08001248   Section        0  stm32f4xx_hal_cortex.o(.text.HAL_NVIC_SetPriorityGrouping)
    [Anonymous Symbol]                       0x08001258   Section        0  stm32f4xx_hal_rcc.o(.text.HAL_RCC_ClockConfig)
    [Anonymous Symbol]                       0x080014bc   Section        0  stm32f4xx_hal_rcc.o(.text.HAL_RCC_GetHCLKFreq)
    [Anonymous Symbol]                       0x080014c8   Section        0  stm32f4xx_hal_rcc.o(.text.HAL_RCC_GetPCLK1Freq)
    [Anonymous Symbol]                       0x080014ec   Section        0  stm32f4xx_hal_rcc.o(.text.HAL_RCC_GetPCLK2Freq)
    [Anonymous Symbol]                       0x08001510   Section        0  stm32f4xx_hal_rcc.o(.text.HAL_RCC_GetSysClockFreq)
    [Anonymous Symbol]                       0x080015f8   Section        0  stm32f4xx_hal_rcc.o(.text.HAL_RCC_OscConfig)
    [Anonymous Symbol]                       0x08001cb8   Section        0  stm32f4xx_hal_spi.o(.text.HAL_SPI_Init)
    [Anonymous Symbol]                       0x08001dbc   Section        0  spi.o(.text.HAL_SPI_MspInit)
    [Anonymous Symbol]                       0x08001e4c   Section        0  stm32f4xx_hal_spi.o(.text.HAL_SPI_Receive)
    [Anonymous Symbol]                       0x0800209c   Section        0  stm32f4xx_hal_spi.o(.text.HAL_SPI_Transmit)
    [Anonymous Symbol]                       0x08002340   Section        0  stm32f4xx_hal_spi.o(.text.HAL_SPI_TransmitReceive)
    [Anonymous Symbol]                       0x080026e4   Section        0  stm32f4xx_hal_cortex.o(.text.HAL_SYSTICK_Config)
    [Anonymous Symbol]                       0x080026f4   Section        0  stm32f4xx_hal_uart.o(.text.HAL_UARTEx_ReceiveToIdle_DMA)
    [Anonymous Symbol]                       0x080027ac   Section        0  bsp_usart.o(.text.HAL_UARTEx_RxEventCallback)
    [Anonymous Symbol]                       0x08002878   Section        0  bsp_usart.o(.text.HAL_UART_ErrorCallback)
    [Anonymous Symbol]                       0x080028fc   Section        0  stm32f4xx_hal_uart.o(.text.HAL_UART_IRQHandler)
    [Anonymous Symbol]                       0x08002d58   Section        0  stm32f4xx_hal_uart.o(.text.HAL_UART_Init)
    [Anonymous Symbol]                       0x08002df8   Section        0  usart.o(.text.HAL_UART_MspInit)
    [Anonymous Symbol]                       0x0800307c   Section        0  stm32f4xx_hal_uart.o(.text.HAL_UART_RxCpltCallback)
    [Anonymous Symbol]                       0x08003084   Section        0  stm32f4xx_hal_uart.o(.text.HAL_UART_RxHalfCpltCallback)
    [Anonymous Symbol]                       0x0800308c   Section        0  stm32f4xx_hal_uart.o(.text.HAL_UART_TxCpltCallback)
    [Anonymous Symbol]                       0x08003094   Section        0  hi05r.o(.text.HI05R_get)
    [Anonymous Symbol]                       0x080031f0   Section        0  stm32f4xx_it.o(.text.HardFault_Handler)
    [Anonymous Symbol]                       0x080031f4   Section        0  main.o(.text.Hi05RCallBack)
    [Anonymous Symbol]                       0x08003248   Section        0  dma.o(.text.MX_DMA_Init)
    [Anonymous Symbol]                       0x080032e0   Section        0  gpio.o(.text.MX_GPIO_Init)
    [Anonymous Symbol]                       0x080033c4   Section        0  spi.o(.text.MX_SPI1_Init)
    [Anonymous Symbol]                       0x08003418   Section        0  usart.o(.text.MX_USART1_UART_Init)
    [Anonymous Symbol]                       0x08003458   Section        0  usart.o(.text.MX_USART2_UART_Init)
    [Anonymous Symbol]                       0x08003498   Section        0  stm32f4xx_it.o(.text.MemManage_Handler)
    [Anonymous Symbol]                       0x0800349c   Section        0  stm32f4xx_it.o(.text.NMI_Handler)
    NVIC_EncodePriority                      0x080034a1   Thumb Code   108  stm32f4xx_hal_cortex.o(.text.NVIC_EncodePriority)
    [Anonymous Symbol]                       0x080034a0   Section        0  stm32f4xx_hal_cortex.o(.text.NVIC_EncodePriority)
    [Anonymous Symbol]                       0x0800350c   Section        0  stm32f4xx_it.o(.text.PendSV_Handler)
    R4                                       0x08003511   Thumb Code    18  hi05r.o(.text.R4)
    [Anonymous Symbol]                       0x08003510   Section        0  hi05r.o(.text.R4)
    SPI_EndRxTransaction                     0x08003525   Thumb Code   228  stm32f4xx_hal_spi.o(.text.SPI_EndRxTransaction)
    [Anonymous Symbol]                       0x08003524   Section        0  stm32f4xx_hal_spi.o(.text.SPI_EndRxTransaction)
    SPI_EndRxTxTransaction                   0x08003609   Thumb Code   204  stm32f4xx_hal_spi.o(.text.SPI_EndRxTxTransaction)
    [Anonymous Symbol]                       0x08003608   Section        0  stm32f4xx_hal_spi.o(.text.SPI_EndRxTxTransaction)
    SPI_WaitFlagStateUntilTimeout            0x080036d5   Thumb Code   300  stm32f4xx_hal_spi.o(.text.SPI_WaitFlagStateUntilTimeout)
    [Anonymous Symbol]                       0x080036d4   Section        0  stm32f4xx_hal_spi.o(.text.SPI_WaitFlagStateUntilTimeout)
    [Anonymous Symbol]                       0x08003800   Section        0  stm32f4xx_it.o(.text.SVC_Handler)
    SysTick_Config                           0x08003805   Thumb Code    82  stm32f4xx_hal_cortex.o(.text.SysTick_Config)
    [Anonymous Symbol]                       0x08003804   Section        0  stm32f4xx_hal_cortex.o(.text.SysTick_Config)
    [Anonymous Symbol]                       0x08003858   Section        0  stm32f4xx_it.o(.text.SysTick_Handler)
    [Anonymous Symbol]                       0x08003860   Section        0  main.o(.text.SystemClock_Config)
    [Anonymous Symbol]                       0x0800391c   Section        0  system_stm32f4xx.o(.text.SystemInit)
    U4                                       0x08003931   Thumb Code    16  hi05r.o(.text.U4)
    [Anonymous Symbol]                       0x08003930   Section        0  hi05r.o(.text.U4)
    UART_DMAAbortOnError                     0x08003941   Thumb Code    28  stm32f4xx_hal_uart.o(.text.UART_DMAAbortOnError)
    [Anonymous Symbol]                       0x08003940   Section        0  stm32f4xx_hal_uart.o(.text.UART_DMAAbortOnError)
    UART_DMAError                            0x0800395d   Thumb Code   124  stm32f4xx_hal_uart.o(.text.UART_DMAError)
    [Anonymous Symbol]                       0x0800395c   Section        0  stm32f4xx_hal_uart.o(.text.UART_DMAError)
    UART_DMAReceiveCplt                      0x080039d9   Thumb Code   244  stm32f4xx_hal_uart.o(.text.UART_DMAReceiveCplt)
    [Anonymous Symbol]                       0x080039d8   Section        0  stm32f4xx_hal_uart.o(.text.UART_DMAReceiveCplt)
    UART_DMARxHalfCplt                       0x08003acd   Thumb Code    52  stm32f4xx_hal_uart.o(.text.UART_DMARxHalfCplt)
    [Anonymous Symbol]                       0x08003acc   Section        0  stm32f4xx_hal_uart.o(.text.UART_DMARxHalfCplt)
    UART_EndRxTransfer                       0x08003b01   Thumb Code   148  stm32f4xx_hal_uart.o(.text.UART_EndRxTransfer)
    [Anonymous Symbol]                       0x08003b00   Section        0  stm32f4xx_hal_uart.o(.text.UART_EndRxTransfer)
    UART_EndTransmit_IT                      0x08003b95   Thumb Code    38  stm32f4xx_hal_uart.o(.text.UART_EndTransmit_IT)
    [Anonymous Symbol]                       0x08003b94   Section        0  stm32f4xx_hal_uart.o(.text.UART_EndTransmit_IT)
    UART_EndTxTransfer                       0x08003bbd   Thumb Code    54  stm32f4xx_hal_uart.o(.text.UART_EndTxTransfer)
    [Anonymous Symbol]                       0x08003bbc   Section        0  stm32f4xx_hal_uart.o(.text.UART_EndTxTransfer)
    UART_Receive_IT                          0x08003bf5   Thumb Code   360  stm32f4xx_hal_uart.o(.text.UART_Receive_IT)
    [Anonymous Symbol]                       0x08003bf4   Section        0  stm32f4xx_hal_uart.o(.text.UART_Receive_IT)
    UART_SetConfig                           0x08003d5d   Thumb Code   314  stm32f4xx_hal_uart.o(.text.UART_SetConfig)
    [Anonymous Symbol]                       0x08003d5c   Section        0  stm32f4xx_hal_uart.o(.text.UART_SetConfig)
    [Anonymous Symbol]                       0x08003e98   Section        0  stm32f4xx_hal_uart.o(.text.UART_Start_Receive_DMA)
    UART_Transmit_IT                         0x08003fc9   Thumb Code   148  stm32f4xx_hal_uart.o(.text.UART_Transmit_IT)
    [Anonymous Symbol]                       0x08003fc8   Section        0  stm32f4xx_hal_uart.o(.text.UART_Transmit_IT)
    [Anonymous Symbol]                       0x0800405c   Section        0  stm32f4xx_it.o(.text.USART1_IRQHandler)
    [Anonymous Symbol]                       0x0800406c   Section        0  stm32f4xx_it.o(.text.USART2_IRQHandler)
    [Anonymous Symbol]                       0x0800407c   Section        0  bsp_usart.o(.text.USARTRegister)
    [Anonymous Symbol]                       0x080040d4   Section        0  bsp_usart.o(.text.USARTServiceInit)
    [Anonymous Symbol]                       0x080040fc   Section        0  stm32f4xx_it.o(.text.UsageFault_Handler)
    __NVIC_EnableIRQ                         0x08004101   Thumb Code    48  stm32f4xx_hal_cortex.o(.text.__NVIC_EnableIRQ)
    [Anonymous Symbol]                       0x08004100   Section        0  stm32f4xx_hal_cortex.o(.text.__NVIC_EnableIRQ)
    __NVIC_GetPriorityGrouping               0x08004131   Thumb Code    16  stm32f4xx_hal_cortex.o(.text.__NVIC_GetPriorityGrouping)
    [Anonymous Symbol]                       0x08004130   Section        0  stm32f4xx_hal_cortex.o(.text.__NVIC_GetPriorityGrouping)
    __NVIC_SetPriority                       0x08004141   Thumb Code    66  stm32f4xx_hal_cortex.o(.text.__NVIC_SetPriority)
    [Anonymous Symbol]                       0x08004140   Section        0  stm32f4xx_hal_cortex.o(.text.__NVIC_SetPriority)
    __NVIC_SetPriorityGrouping               0x08004185   Thumb Code    60  stm32f4xx_hal_cortex.o(.text.__NVIC_SetPriorityGrouping)
    [Anonymous Symbol]                       0x08004184   Section        0  stm32f4xx_hal_cortex.o(.text.__NVIC_SetPriorityGrouping)
    [Anonymous Symbol]                       0x080041c0   Section        0  dtek_tle5012b.o(.text._calculateAngleSpeed)
    [Anonymous Symbol]                       0x08004308   Section        0  dtek_tle5012b.o(.text._crc8)
    [Anonymous Symbol]                       0x08004398   Section        0  dtek_tle5012b.o(.text._crcCalc)
    [Anonymous Symbol]                       0x080043b0   Section        0  dtek_tle5012b.o(.text._getFirstByte)
    [Anonymous Symbol]                       0x080043c0   Section        0  dtek_tle5012b.o(.text._getSecondByte)
    [Anonymous Symbol]                       0x080043d0   Section        0  dtek_tle5012b.o(.text.checkSafety)
    [Anonymous Symbol]                       0x08004528   Section        0  dtek_tle5012b.o(.text.getAngleRange)
    [Anonymous Symbol]                       0x080045c8   Section        0  dtek_tle5012b.o(.text.getAngleSpeed)
    [Anonymous Symbol]                       0x080046a8   Section        0  dtek_tle5012b.o(.text.getAngleValue)
    [Anonymous Symbol]                       0x08004710   Section        0  dtek_tle5012b.o(.text.getNumRevolutions)
    [Anonymous Symbol]                       0x08004720   Section        0  dtek_tle5012b.o(.text.getTemperature)
    [Anonymous Symbol]                       0x080047a8   Section        0  dtek_tle5012b.o(.text.getUpdAngleSpeed)
    [Anonymous Symbol]                       0x08004880   Section        0  dtek_tle5012b.o(.text.getUpdAngleValue)
    [Anonymous Symbol]                       0x080048e8   Section        0  dtek_tle5012b.o(.text.getUpdNumRevolutions)
    [Anonymous Symbol]                       0x080048f8   Section        0  main.o(.text.main)
    [Anonymous Symbol]                       0x080049f0   Section        0  dtek_tle5012b.o(.text.readAngleRevolution)
    [Anonymous Symbol]                       0x08004a5c   Section        0  dtek_tle5012b.o(.text.readAngleSpeed)
    [Anonymous Symbol]                       0x08004ac8   Section        0  dtek_tle5012b.o(.text.readAngleValue)
    [Anonymous Symbol]                       0x08004b34   Section        0  dtek_tle5012b.o(.text.readBlockCRC)
    [Anonymous Symbol]                       0x08004be8   Section        0  dtek_tle5012b.o(.text.readFromSensor)
    [Anonymous Symbol]                       0x08004cc8   Section        0  dtek_tle5012b.o(.text.readIntMode1)
    [Anonymous Symbol]                       0x08004cdc   Section        0  dtek_tle5012b.o(.text.readIntMode2)
    [Anonymous Symbol]                       0x08004cf0   Section        0  dtek_tle5012b.o(.text.readTemp)
    [Anonymous Symbol]                       0x08004d60   Section        0  dtek_tle5012b.o(.text.readUpdAngleRevolution)
    [Anonymous Symbol]                       0x08004dd0   Section        0  dtek_tle5012b.o(.text.readUpdAngleSpeed)
    [Anonymous Symbol]                       0x08004e44   Section        0  dtek_tle5012b.o(.text.readUpdAngleValue)
    [Anonymous Symbol]                       0x08004eb4   Section        0  dtek_tle5012b.o(.text.resetSafety)
    [Anonymous Symbol]                       0x08004f2c   Section        0  dtek_tle5012b.o(.text.triggerUpdate)
    $v0                                      0x08004f78   Number         0  daddsub_clz.o(x$fpl$dadd)
    x$fpl$dadd                               0x08004f78   Section      336  daddsub_clz.o(x$fpl$dadd)
    _dadd1                                   0x08004f89   Thumb Code     0  daddsub_clz.o(x$fpl$dadd)
    $v0                                      0x080050c8   Number         0  ddiv.o(x$fpl$ddiv)
    x$fpl$ddiv                               0x080050c8   Section      696  ddiv.o(x$fpl$ddiv)
    ddiv_entry                               0x080050cf   Thumb Code     0  ddiv.o(x$fpl$ddiv)
    $v0                                      0x08005380   Number         0  dflt_clz.o(x$fpl$dflt)
    x$fpl$dflt                               0x08005380   Section       46  dflt_clz.o(x$fpl$dflt)
    $v0                                      0x080053ae   Number         0  dflt_clz.o(x$fpl$dfltu)
    x$fpl$dfltu                              0x080053ae   Section       38  dflt_clz.o(x$fpl$dfltu)
    $v0                                      0x080053d4   Number         0  dmul.o(x$fpl$dmul)
    x$fpl$dmul                               0x080053d4   Section      340  dmul.o(x$fpl$dmul)
    $v0                                      0x08005528   Number         0  dnaninf.o(x$fpl$dnaninf)
    x$fpl$dnaninf                            0x08005528   Section      156  dnaninf.o(x$fpl$dnaninf)
    $v0                                      0x080055c4   Number         0  dretinf.o(x$fpl$dretinf)
    x$fpl$dretinf                            0x080055c4   Section       12  dretinf.o(x$fpl$dretinf)
    $v0                                      0x080055d0   Number         0  daddsub_clz.o(x$fpl$dsub)
    x$fpl$dsub                               0x080055d0   Section      476  daddsub_clz.o(x$fpl$dsub)
    _dsub1                                   0x080055e1   Thumb Code     0  daddsub_clz.o(x$fpl$dsub)
    $v0                                      0x080057ac   Number         0  fpinit.o(x$fpl$fpinit)
    x$fpl$fpinit                             0x080057ac   Section       26  fpinit.o(x$fpl$fpinit)
    x$fpl$usenofp                            0x080057c6   Section        0  usenofp.o(x$fpl$usenofp)
    DMA_CalcBaseAndBitshift.flagBitshiftOffset 0x080057de   Data           8  stm32f4xx_hal_dma.o(.rodata.DMA_CalcBaseAndBitshift.flagBitshiftOffset)
    [Anonymous Symbol]                       0x080057de   Section        0  stm32f4xx_hal_dma.o(.rodata.DMA_CalcBaseAndBitshift.flagBitshiftOffset)
    .bss                                     0x20000010   Section       96  libspace.o(.bss)
    idx                                      0x2000035c   Data           1  bsp_usart.o(.bss.idx)
    [Anonymous Symbol]                       0x2000035c   Section        0  bsp_usart.o(.bss.idx)
    usart_instance                           0x200003bc   Data          20  bsp_usart.o(.bss.usart_instance)
    [Anonymous Symbol]                       0x200003bc   Section        0  bsp_usart.o(.bss.usart_instance)
    Heap_Mem                                 0x200003d8   Data         512  startup_stm32f405xx.o(HEAP)
    HEAP                                     0x200003d8   Section      512  startup_stm32f405xx.o(HEAP)
    Stack_Mem                                0x200005d8   Data        1024  startup_stm32f405xx.o(STACK)
    STACK                                    0x200005d8   Section     1024  startup_stm32f405xx.o(STACK)
    __initial_sp                             0x200009d8   Data           0  startup_stm32f405xx.o(STACK)

    Global Symbols

    Symbol Name                              Value     Ov Type        Size  Object(Section)

    BuildAttributes$$THM_ISAv4$E$P$D$K$B$S$7EM$VFPi3$EXTD16$VFPS$VFMA$PE$A:L22UL41UL21$X:L11$S22US41US21$IEEE1$IW$~IW$USESV6$~STKCKD$USESV7$~SHL$OSPACE$ROPI$EBA8$UX$STANDARDLIB$REQ8$PRES8$EABIv2 0x00000000   Number         0  anon$$obj.o ABSOLUTE
    __ARM_exceptions_init                     - Undefined Weak Reference
    __alloca_initialize                       - Undefined Weak Reference
    __arm_preinit_                            - Undefined Weak Reference
    __arm_relocate_pie_                       - Undefined Weak Reference
    __cpp_initialize__aeabi_                  - Undefined Weak Reference
    __cxa_finalize                            - Undefined Weak Reference
    __rt_locale                               - Undefined Weak Reference
    __sigvec_lookup                           - Undefined Weak Reference
    _atexit_init                              - Undefined Weak Reference
    _call_atexit_fns                          - Undefined Weak Reference
    _clock_init                               - Undefined Weak Reference
    _fp_trap_init                             - Undefined Weak Reference
    _fp_trap_shutdown                         - Undefined Weak Reference
    _get_lc_collate                           - Undefined Weak Reference
    _get_lc_ctype                             - Undefined Weak Reference
    _get_lc_monetary                          - Undefined Weak Reference
    _get_lc_numeric                           - Undefined Weak Reference
    _get_lc_time                              - Undefined Weak Reference
    _getenv_init                              - Undefined Weak Reference
    _handle_redirection                       - Undefined Weak Reference
    _init_alloc                               - Undefined Weak Reference
    _init_user_alloc                          - Undefined Weak Reference
    _initio                                   - Undefined Weak Reference
    _rand_init                                - Undefined Weak Reference
    _signal_finish                            - Undefined Weak Reference
    _signal_init                              - Undefined Weak Reference
    _terminate_alloc                          - Undefined Weak Reference
    _terminate_user_alloc                     - Undefined Weak Reference
    _terminateio                              - Undefined Weak Reference
    __Vectors_Size                           0x00000188   Number         0  startup_stm32f405xx.o ABSOLUTE
    __Vectors                                0x08000000   Data           4  startup_stm32f405xx.o(RESET)
    __Vectors_End                            0x08000188   Data           0  startup_stm32f405xx.o(RESET)
    __main                                   0x08000189   Thumb Code     8  __main.o(!!!main)
    __scatterload                            0x08000191   Thumb Code     0  __scatter.o(!!!scatter)
    __scatterload_rt2                        0x08000191   Thumb Code    84  __scatter.o(!!!scatter)
    __scatterload_rt2_thumb_only             0x08000191   Thumb Code     0  __scatter.o(!!!scatter)
    __scatterload_loop                       0x0800019b   Thumb Code     0  __scatter.o(!!!scatter)
    __scatterload_copy                       0x080001ed   Thumb Code    26  __scatter_copy.o(!!handler_copy)
    __scatterload_null                       0x08000209   Thumb Code     2  __scatter.o(!!handler_null)
    __scatterload_zeroinit                   0x0800020d   Thumb Code    28  __scatter_zi.o(!!handler_zi)
    __rt_lib_init                            0x08000229   Thumb Code     0  libinit.o(.ARM.Collect$$libinit$$00000000)
    __rt_lib_init_fp_1                       0x0800022b   Thumb Code     0  libinit2.o(.ARM.Collect$$libinit$$00000001)
    __rt_lib_init_alloca_1                   0x0800022f   Thumb Code     0  libinit2.o(.ARM.Collect$$libinit$$00000030)
    __rt_lib_init_argv_1                     0x0800022f   Thumb Code     0  libinit2.o(.ARM.Collect$$libinit$$0000002E)
    __rt_lib_init_atexit_1                   0x0800022f   Thumb Code     0  libinit2.o(.ARM.Collect$$libinit$$0000001D)
    __rt_lib_init_clock_1                    0x0800022f   Thumb Code     0  libinit2.o(.ARM.Collect$$libinit$$00000023)
    __rt_lib_init_cpp_1                      0x0800022f   Thumb Code     0  libinit2.o(.ARM.Collect$$libinit$$00000034)
    __rt_lib_init_exceptions_1               0x0800022f   Thumb Code     0  libinit2.o(.ARM.Collect$$libinit$$00000032)
    __rt_lib_init_fp_trap_1                  0x0800022f   Thumb Code     0  libinit2.o(.ARM.Collect$$libinit$$00000021)
    __rt_lib_init_getenv_1                   0x0800022f   Thumb Code     0  libinit2.o(.ARM.Collect$$libinit$$00000025)
    __rt_lib_init_heap_1                     0x0800022f   Thumb Code     0  libinit2.o(.ARM.Collect$$libinit$$0000000C)
    __rt_lib_init_lc_collate_1               0x0800022f   Thumb Code     0  libinit2.o(.ARM.Collect$$libinit$$00000013)
    __rt_lib_init_lc_ctype_1                 0x0800022f   Thumb Code     0  libinit2.o(.ARM.Collect$$libinit$$00000015)
    __rt_lib_init_lc_monetary_1              0x0800022f   Thumb Code     0  libinit2.o(.ARM.Collect$$libinit$$00000017)
    __rt_lib_init_lc_numeric_1               0x0800022f   Thumb Code     0  libinit2.o(.ARM.Collect$$libinit$$00000019)
    __rt_lib_init_lc_time_1                  0x0800022f   Thumb Code     0  libinit2.o(.ARM.Collect$$libinit$$0000001B)
    __rt_lib_init_preinit_1                  0x0800022f   Thumb Code     0  libinit2.o(.ARM.Collect$$libinit$$00000006)
    __rt_lib_init_rand_1                     0x0800022f   Thumb Code     0  libinit2.o(.ARM.Collect$$libinit$$00000010)
    __rt_lib_init_relocate_pie_1             0x0800022f   Thumb Code     0  libinit2.o(.ARM.Collect$$libinit$$00000004)
    __rt_lib_init_return                     0x0800022f   Thumb Code     0  libinit2.o(.ARM.Collect$$libinit$$00000035)
    __rt_lib_init_signal_1                   0x0800022f   Thumb Code     0  libinit2.o(.ARM.Collect$$libinit$$0000001F)
    __rt_lib_init_stdio_1                    0x0800022f   Thumb Code     0  libinit2.o(.ARM.Collect$$libinit$$00000027)
    __rt_lib_init_user_alloc_1               0x0800022f   Thumb Code     0  libinit2.o(.ARM.Collect$$libinit$$0000000E)
    __rt_lib_shutdown                        0x08000231   Thumb Code     0  libshutdown.o(.ARM.Collect$$libshutdown$$00000000)
    __rt_lib_shutdown_cpp_1                  0x08000233   Thumb Code     0  libshutdown2.o(.ARM.Collect$$libshutdown$$00000002)
    __rt_lib_shutdown_fp_trap_1              0x08000233   Thumb Code     0  libshutdown2.o(.ARM.Collect$$libshutdown$$00000007)
    __rt_lib_shutdown_heap_1                 0x08000233   Thumb Code     0  libshutdown2.o(.ARM.Collect$$libshutdown$$0000000F)
    __rt_lib_shutdown_return                 0x08000233   Thumb Code     0  libshutdown2.o(.ARM.Collect$$libshutdown$$00000010)
    __rt_lib_shutdown_signal_1               0x08000233   Thumb Code     0  libshutdown2.o(.ARM.Collect$$libshutdown$$0000000A)
    __rt_lib_shutdown_stdio_1                0x08000233   Thumb Code     0  libshutdown2.o(.ARM.Collect$$libshutdown$$00000004)
    __rt_lib_shutdown_user_alloc_1           0x08000233   Thumb Code     0  libshutdown2.o(.ARM.Collect$$libshutdown$$0000000C)
    __rt_entry                               0x08000235   Thumb Code     0  __rtentry.o(.ARM.Collect$$rtentry$$00000000)
    __rt_entry_presh_1                       0x08000235   Thumb Code     0  __rtentry2.o(.ARM.Collect$$rtentry$$00000002)
    __rt_entry_sh                            0x08000235   Thumb Code     0  __rtentry4.o(.ARM.Collect$$rtentry$$00000004)
    __rt_entry_li                            0x0800023b   Thumb Code     0  __rtentry2.o(.ARM.Collect$$rtentry$$0000000A)
    __rt_entry_postsh_1                      0x0800023b   Thumb Code     0  __rtentry2.o(.ARM.Collect$$rtentry$$00000009)
    __rt_entry_main                          0x0800023f   Thumb Code     0  __rtentry2.o(.ARM.Collect$$rtentry$$0000000D)
    __rt_entry_postli_1                      0x0800023f   Thumb Code     0  __rtentry2.o(.ARM.Collect$$rtentry$$0000000C)
    __rt_exit                                0x08000247   Thumb Code     0  rtexit.o(.ARM.Collect$$rtexit$$00000000)
    __rt_exit_ls                             0x08000249   Thumb Code     0  rtexit2.o(.ARM.Collect$$rtexit$$00000003)
    __rt_exit_prels_1                        0x08000249   Thumb Code     0  rtexit2.o(.ARM.Collect$$rtexit$$00000002)
    __rt_exit_exit                           0x0800024d   Thumb Code     0  rtexit2.o(.ARM.Collect$$rtexit$$00000004)
    Reset_Handler                            0x08000255   Thumb Code     8  startup_stm32f405xx.o(.text)
    ADC_IRQHandler                           0x0800026f   Thumb Code     0  startup_stm32f405xx.o(.text)
    CAN1_RX0_IRQHandler                      0x0800026f   Thumb Code     0  startup_stm32f405xx.o(.text)
    CAN1_RX1_IRQHandler                      0x0800026f   Thumb Code     0  startup_stm32f405xx.o(.text)
    CAN1_SCE_IRQHandler                      0x0800026f   Thumb Code     0  startup_stm32f405xx.o(.text)
    CAN1_TX_IRQHandler                       0x0800026f   Thumb Code     0  startup_stm32f405xx.o(.text)
    CAN2_RX0_IRQHandler                      0x0800026f   Thumb Code     0  startup_stm32f405xx.o(.text)
    CAN2_RX1_IRQHandler                      0x0800026f   Thumb Code     0  startup_stm32f405xx.o(.text)
    CAN2_SCE_IRQHandler                      0x0800026f   Thumb Code     0  startup_stm32f405xx.o(.text)
    CAN2_TX_IRQHandler                       0x0800026f   Thumb Code     0  startup_stm32f405xx.o(.text)
    DMA1_Stream0_IRQHandler                  0x0800026f   Thumb Code     0  startup_stm32f405xx.o(.text)
    DMA1_Stream1_IRQHandler                  0x0800026f   Thumb Code     0  startup_stm32f405xx.o(.text)
    DMA1_Stream2_IRQHandler                  0x0800026f   Thumb Code     0  startup_stm32f405xx.o(.text)
    DMA1_Stream3_IRQHandler                  0x0800026f   Thumb Code     0  startup_stm32f405xx.o(.text)
    DMA1_Stream4_IRQHandler                  0x0800026f   Thumb Code     0  startup_stm32f405xx.o(.text)
    DMA1_Stream7_IRQHandler                  0x0800026f   Thumb Code     0  startup_stm32f405xx.o(.text)
    DMA2_Stream0_IRQHandler                  0x0800026f   Thumb Code     0  startup_stm32f405xx.o(.text)
    DMA2_Stream1_IRQHandler                  0x0800026f   Thumb Code     0  startup_stm32f405xx.o(.text)
    DMA2_Stream3_IRQHandler                  0x0800026f   Thumb Code     0  startup_stm32f405xx.o(.text)
    DMA2_Stream4_IRQHandler                  0x0800026f   Thumb Code     0  startup_stm32f405xx.o(.text)
    DMA2_Stream5_IRQHandler                  0x0800026f   Thumb Code     0  startup_stm32f405xx.o(.text)
    DMA2_Stream6_IRQHandler                  0x0800026f   Thumb Code     0  startup_stm32f405xx.o(.text)
    EXTI0_IRQHandler                         0x0800026f   Thumb Code     0  startup_stm32f405xx.o(.text)
    EXTI15_10_IRQHandler                     0x0800026f   Thumb Code     0  startup_stm32f405xx.o(.text)
    EXTI1_IRQHandler                         0x0800026f   Thumb Code     0  startup_stm32f405xx.o(.text)
    EXTI2_IRQHandler                         0x0800026f   Thumb Code     0  startup_stm32f405xx.o(.text)
    EXTI3_IRQHandler                         0x0800026f   Thumb Code     0  startup_stm32f405xx.o(.text)
    EXTI4_IRQHandler                         0x0800026f   Thumb Code     0  startup_stm32f405xx.o(.text)
    EXTI9_5_IRQHandler                       0x0800026f   Thumb Code     0  startup_stm32f405xx.o(.text)
    FLASH_IRQHandler                         0x0800026f   Thumb Code     0  startup_stm32f405xx.o(.text)
    FMC_IRQHandler                           0x0800026f   Thumb Code     0  startup_stm32f405xx.o(.text)
    FPU_IRQHandler                           0x0800026f   Thumb Code     0  startup_stm32f405xx.o(.text)
    HASH_RNG_IRQHandler                      0x0800026f   Thumb Code     0  startup_stm32f405xx.o(.text)
    I2C1_ER_IRQHandler                       0x0800026f   Thumb Code     0  startup_stm32f405xx.o(.text)
    I2C1_EV_IRQHandler                       0x0800026f   Thumb Code     0  startup_stm32f405xx.o(.text)
    I2C2_ER_IRQHandler                       0x0800026f   Thumb Code     0  startup_stm32f405xx.o(.text)
    I2C2_EV_IRQHandler                       0x0800026f   Thumb Code     0  startup_stm32f405xx.o(.text)
    I2C3_ER_IRQHandler                       0x0800026f   Thumb Code     0  startup_stm32f405xx.o(.text)
    I2C3_EV_IRQHandler                       0x0800026f   Thumb Code     0  startup_stm32f405xx.o(.text)
    OTG_FS_IRQHandler                        0x0800026f   Thumb Code     0  startup_stm32f405xx.o(.text)
    OTG_FS_WKUP_IRQHandler                   0x0800026f   Thumb Code     0  startup_stm32f405xx.o(.text)
    OTG_HS_EP1_IN_IRQHandler                 0x0800026f   Thumb Code     0  startup_stm32f405xx.o(.text)
    OTG_HS_EP1_OUT_IRQHandler                0x0800026f   Thumb Code     0  startup_stm32f405xx.o(.text)
    OTG_HS_IRQHandler                        0x0800026f   Thumb Code     0  startup_stm32f405xx.o(.text)
    OTG_HS_WKUP_IRQHandler                   0x0800026f   Thumb Code     0  startup_stm32f405xx.o(.text)
    PVD_IRQHandler                           0x0800026f   Thumb Code     0  startup_stm32f405xx.o(.text)
    RCC_IRQHandler                           0x0800026f   Thumb Code     0  startup_stm32f405xx.o(.text)
    RTC_Alarm_IRQHandler                     0x0800026f   Thumb Code     0  startup_stm32f405xx.o(.text)
    RTC_WKUP_IRQHandler                      0x0800026f   Thumb Code     0  startup_stm32f405xx.o(.text)
    SDIO_IRQHandler                          0x0800026f   Thumb Code     0  startup_stm32f405xx.o(.text)
    SPI1_IRQHandler                          0x0800026f   Thumb Code     0  startup_stm32f405xx.o(.text)
    SPI2_IRQHandler                          0x0800026f   Thumb Code     0  startup_stm32f405xx.o(.text)
    SPI3_IRQHandler                          0x0800026f   Thumb Code     0  startup_stm32f405xx.o(.text)
    TAMP_STAMP_IRQHandler                    0x0800026f   Thumb Code     0  startup_stm32f405xx.o(.text)
    TIM1_BRK_TIM9_IRQHandler                 0x0800026f   Thumb Code     0  startup_stm32f405xx.o(.text)
    TIM1_CC_IRQHandler                       0x0800026f   Thumb Code     0  startup_stm32f405xx.o(.text)
    TIM1_TRG_COM_TIM11_IRQHandler            0x0800026f   Thumb Code     0  startup_stm32f405xx.o(.text)
    TIM1_UP_TIM10_IRQHandler                 0x0800026f   Thumb Code     0  startup_stm32f405xx.o(.text)
    TIM2_IRQHandler                          0x0800026f   Thumb Code     0  startup_stm32f405xx.o(.text)
    TIM3_IRQHandler                          0x0800026f   Thumb Code     0  startup_stm32f405xx.o(.text)
    TIM4_IRQHandler                          0x0800026f   Thumb Code     0  startup_stm32f405xx.o(.text)
    TIM5_IRQHandler                          0x0800026f   Thumb Code     0  startup_stm32f405xx.o(.text)
    TIM6_DAC_IRQHandler                      0x0800026f   Thumb Code     0  startup_stm32f405xx.o(.text)
    TIM7_IRQHandler                          0x0800026f   Thumb Code     0  startup_stm32f405xx.o(.text)
    TIM8_BRK_TIM12_IRQHandler                0x0800026f   Thumb Code     0  startup_stm32f405xx.o(.text)
    TIM8_CC_IRQHandler                       0x0800026f   Thumb Code     0  startup_stm32f405xx.o(.text)
    TIM8_TRG_COM_TIM14_IRQHandler            0x0800026f   Thumb Code     0  startup_stm32f405xx.o(.text)
    TIM8_UP_TIM13_IRQHandler                 0x0800026f   Thumb Code     0  startup_stm32f405xx.o(.text)
    UART4_IRQHandler                         0x0800026f   Thumb Code     0  startup_stm32f405xx.o(.text)
    UART5_IRQHandler                         0x0800026f   Thumb Code     0  startup_stm32f405xx.o(.text)
    USART3_IRQHandler                        0x0800026f   Thumb Code     0  startup_stm32f405xx.o(.text)
    USART6_IRQHandler                        0x0800026f   Thumb Code     0  startup_stm32f405xx.o(.text)
    WWDG_IRQHandler                          0x0800026f   Thumb Code     0  startup_stm32f405xx.o(.text)
    __user_initial_stackheap                 0x08000271   Thumb Code     0  startup_stm32f405xx.o(.text)
    __aeabi_uldivmod                         0x08000295   Thumb Code     0  lludivv7m.o(.text)
    _ll_udiv                                 0x08000295   Thumb Code   240  lludivv7m.o(.text)
    __aeabi_memclr4                          0x08000385   Thumb Code     0  rt_memclr_w.o(.text)
    __aeabi_memclr8                          0x08000385   Thumb Code     0  rt_memclr_w.o(.text)
    __rt_memclr_w                            0x08000385   Thumb Code     0  rt_memclr_w.o(.text)
    _memset_w                                0x08000389   Thumb Code    74  rt_memclr_w.o(.text)
    __use_two_region_memory                  0x080003d3   Thumb Code     2  heapauxi.o(.text)
    __rt_heap_escrow$2region                 0x080003d5   Thumb Code     2  heapauxi.o(.text)
    __rt_heap_expand$2region                 0x080003d7   Thumb Code     2  heapauxi.o(.text)
    __user_setup_stackheap                   0x080003d9   Thumb Code    74  sys_stackheap_outer.o(.text)
    exit                                     0x08000423   Thumb Code    18  exit.o(.text)
    __user_libspace                          0x08000435   Thumb Code     8  libspace.o(.text)
    __user_perproc_libspace                  0x08000435   Thumb Code     0  libspace.o(.text)
    __user_perthread_libspace                0x08000435   Thumb Code     0  libspace.o(.text)
    _sys_exit                                0x0800043d   Thumb Code     8  sys_exit.o(.text)
    __I$use$semihosting                      0x08000449   Thumb Code     0  use_no_semi.o(.text)
    __use_no_semihosting_swi                 0x08000449   Thumb Code     2  use_no_semi.o(.text)
    __semihosting_library_function           0x0800044b   Thumb Code     0  indicate_semi.o(.text)
    BusFault_Handler                         0x0800044d   Thumb Code     4  stm32f4xx_it.o(.text.BusFault_Handler)
    DMA1_Stream5_IRQHandler                  0x08000451   Thumb Code    16  stm32f4xx_it.o(.text.DMA1_Stream5_IRQHandler)
    DMA1_Stream6_IRQHandler                  0x08000461   Thumb Code    16  stm32f4xx_it.o(.text.DMA1_Stream6_IRQHandler)
    DMA2_Stream2_IRQHandler                  0x08000471   Thumb Code    16  stm32f4xx_it.o(.text.DMA2_Stream2_IRQHandler)
    DMA2_Stream7_IRQHandler                  0x08000481   Thumb Code    16  stm32f4xx_it.o(.text.DMA2_Stream7_IRQHandler)
    DebugMon_Handler                         0x08000629   Thumb Code     2  stm32f4xx_it.o(.text.DebugMon_Handler)
    Error_Handler                            0x0800062d   Thumb Code     6  main.o(.text.Error_Handler)
    HAL_DMA_Abort                            0x08000635   Thumb Code   236  stm32f4xx_hal_dma.o(.text.HAL_DMA_Abort)
    HAL_DMA_Abort_IT                         0x08000721   Thumb Code    68  stm32f4xx_hal_dma.o(.text.HAL_DMA_Abort_IT)
    HAL_DMA_IRQHandler                       0x08000765   Thumb Code   798  stm32f4xx_hal_dma.o(.text.HAL_DMA_IRQHandler)
    HAL_DMA_Init                             0x08000a85   Thumb Code   366  stm32f4xx_hal_dma.o(.text.HAL_DMA_Init)
    HAL_DMA_Start_IT                         0x08000bf5   Thumb Code   194  stm32f4xx_hal_dma.o(.text.HAL_DMA_Start_IT)
    HAL_Delay                                0x08000cb9   Thumb Code    66  stm32f4xx_hal.o(.text.HAL_Delay)
    HAL_GPIO_Init                            0x08000cfd   Thumb Code   950  stm32f4xx_hal_gpio.o(.text.HAL_GPIO_Init)
    HAL_GPIO_WritePin                        0x080010b5   Thumb Code    46  stm32f4xx_hal_gpio.o(.text.HAL_GPIO_WritePin)
    HAL_GetTick                              0x080010e5   Thumb Code    12  stm32f4xx_hal.o(.text.HAL_GetTick)
    HAL_IncTick                              0x080010f1   Thumb Code    26  stm32f4xx_hal.o(.text.HAL_IncTick)
    HAL_Init                                 0x0800110d   Thumb Code    54  stm32f4xx_hal.o(.text.HAL_Init)
    HAL_InitTick                             0x08001145   Thumb Code   112  stm32f4xx_hal.o(.text.HAL_InitTick)
    HAL_MspInit                              0x080011b5   Thumb Code    74  stm32f4xx_hal_msp.o(.text.HAL_MspInit)
    HAL_NVIC_EnableIRQ                       0x08001201   Thumb Code    20  stm32f4xx_hal_cortex.o(.text.HAL_NVIC_EnableIRQ)
    HAL_NVIC_SetPriority                     0x08001215   Thumb Code    50  stm32f4xx_hal_cortex.o(.text.HAL_NVIC_SetPriority)
    HAL_NVIC_SetPriorityGrouping             0x08001249   Thumb Code    16  stm32f4xx_hal_cortex.o(.text.HAL_NVIC_SetPriorityGrouping)
    HAL_RCC_ClockConfig                      0x08001259   Thumb Code   610  stm32f4xx_hal_rcc.o(.text.HAL_RCC_ClockConfig)
    HAL_RCC_GetHCLKFreq                      0x080014bd   Thumb Code    12  stm32f4xx_hal_rcc.o(.text.HAL_RCC_GetHCLKFreq)
    HAL_RCC_GetPCLK1Freq                     0x080014c9   Thumb Code    34  stm32f4xx_hal_rcc.o(.text.HAL_RCC_GetPCLK1Freq)
    HAL_RCC_GetPCLK2Freq                     0x080014ed   Thumb Code    34  stm32f4xx_hal_rcc.o(.text.HAL_RCC_GetPCLK2Freq)
    HAL_RCC_GetSysClockFreq                  0x08001511   Thumb Code   230  stm32f4xx_hal_rcc.o(.text.HAL_RCC_GetSysClockFreq)
    HAL_RCC_OscConfig                        0x080015f9   Thumb Code  1726  stm32f4xx_hal_rcc.o(.text.HAL_RCC_OscConfig)
    HAL_SPI_Init                             0x08001cb9   Thumb Code   258  stm32f4xx_hal_spi.o(.text.HAL_SPI_Init)
    HAL_SPI_MspInit                          0x08001dbd   Thumb Code   142  spi.o(.text.HAL_SPI_MspInit)
    HAL_SPI_Receive                          0x08001e4d   Thumb Code   590  stm32f4xx_hal_spi.o(.text.HAL_SPI_Receive)
    HAL_SPI_Transmit                         0x0800209d   Thumb Code   674  stm32f4xx_hal_spi.o(.text.HAL_SPI_Transmit)
    HAL_SPI_TransmitReceive                  0x08002341   Thumb Code   930  stm32f4xx_hal_spi.o(.text.HAL_SPI_TransmitReceive)
    HAL_SYSTICK_Config                       0x080026e5   Thumb Code    16  stm32f4xx_hal_cortex.o(.text.HAL_SYSTICK_Config)
    HAL_UARTEx_ReceiveToIdle_DMA             0x080026f5   Thumb Code   184  stm32f4xx_hal_uart.o(.text.HAL_UARTEx_ReceiveToIdle_DMA)
    HAL_UARTEx_RxEventCallback               0x080027ad   Thumb Code   202  bsp_usart.o(.text.HAL_UARTEx_RxEventCallback)
    HAL_UART_ErrorCallback                   0x08002879   Thumb Code   132  bsp_usart.o(.text.HAL_UART_ErrorCallback)
    HAL_UART_IRQHandler                      0x080028fd   Thumb Code  1116  stm32f4xx_hal_uart.o(.text.HAL_UART_IRQHandler)
    HAL_UART_Init                            0x08002d59   Thumb Code   158  stm32f4xx_hal_uart.o(.text.HAL_UART_Init)
    HAL_UART_MspInit                         0x08002df9   Thumb Code   642  usart.o(.text.HAL_UART_MspInit)
    HAL_UART_RxCpltCallback                  0x0800307d   Thumb Code     8  stm32f4xx_hal_uart.o(.text.HAL_UART_RxCpltCallback)
    HAL_UART_RxHalfCpltCallback              0x08003085   Thumb Code     8  stm32f4xx_hal_uart.o(.text.HAL_UART_RxHalfCpltCallback)
    HAL_UART_TxCpltCallback                  0x0800308d   Thumb Code     8  stm32f4xx_hal_uart.o(.text.HAL_UART_TxCpltCallback)
    HI05R_get                                0x08003095   Thumb Code   348  hi05r.o(.text.HI05R_get)
    HardFault_Handler                        0x080031f1   Thumb Code     4  stm32f4xx_it.o(.text.HardFault_Handler)
    Hi05RCallBack                            0x080031f5   Thumb Code    82  main.o(.text.Hi05RCallBack)
    MX_DMA_Init                              0x08003249   Thumb Code   150  dma.o(.text.MX_DMA_Init)
    MX_GPIO_Init                             0x080032e1   Thumb Code   226  gpio.o(.text.MX_GPIO_Init)
    MX_SPI1_Init                             0x080033c5   Thumb Code    84  spi.o(.text.MX_SPI1_Init)
    MX_USART1_UART_Init                      0x08003419   Thumb Code    64  usart.o(.text.MX_USART1_UART_Init)
    MX_USART2_UART_Init                      0x08003459   Thumb Code    64  usart.o(.text.MX_USART2_UART_Init)
    MemManage_Handler                        0x08003499   Thumb Code     4  stm32f4xx_it.o(.text.MemManage_Handler)
    NMI_Handler                              0x0800349d   Thumb Code     4  stm32f4xx_it.o(.text.NMI_Handler)
    PendSV_Handler                           0x0800350d   Thumb Code     2  stm32f4xx_it.o(.text.PendSV_Handler)
    SVC_Handler                              0x08003801   Thumb Code     2  stm32f4xx_it.o(.text.SVC_Handler)
    SysTick_Handler                          0x08003859   Thumb Code     8  stm32f4xx_it.o(.text.SysTick_Handler)
    SystemClock_Config                       0x08003861   Thumb Code   188  main.o(.text.SystemClock_Config)
    SystemInit                               0x0800391d   Thumb Code    18  system_stm32f4xx.o(.text.SystemInit)
    UART_Start_Receive_DMA                   0x08003e99   Thumb Code   304  stm32f4xx_hal_uart.o(.text.UART_Start_Receive_DMA)
    USART1_IRQHandler                        0x0800405d   Thumb Code    16  stm32f4xx_it.o(.text.USART1_IRQHandler)
    USART2_IRQHandler                        0x0800406d   Thumb Code    16  stm32f4xx_it.o(.text.USART2_IRQHandler)
    USARTRegister                            0x0800407d   Thumb Code    88  bsp_usart.o(.text.USARTRegister)
    USARTServiceInit                         0x080040d5   Thumb Code    38  bsp_usart.o(.text.USARTServiceInit)
    UsageFault_Handler                       0x080040fd   Thumb Code     4  stm32f4xx_it.o(.text.UsageFault_Handler)
    _calculateAngleSpeed                     0x080041c1   Thumb Code   320  dtek_tle5012b.o(.text._calculateAngleSpeed)
    _crc8                                    0x08004309   Thumb Code   142  dtek_tle5012b.o(.text._crc8)
    _crcCalc                                 0x08004399   Thumb Code    24  dtek_tle5012b.o(.text._crcCalc)
    _getFirstByte                            0x080043b1   Thumb Code    14  dtek_tle5012b.o(.text._getFirstByte)
    _getSecondByte                           0x080043c1   Thumb Code    14  dtek_tle5012b.o(.text._getSecondByte)
    checkSafety                              0x080043d1   Thumb Code   342  dtek_tle5012b.o(.text.checkSafety)
    getAngleRange                            0x08004529   Thumb Code   144  dtek_tle5012b.o(.text.getAngleRange)
    getAngleSpeed                            0x080045c9   Thumb Code   220  dtek_tle5012b.o(.text.getAngleSpeed)
    getAngleValue                            0x080046a9   Thumb Code    96  dtek_tle5012b.o(.text.getAngleValue)
    getNumRevolutions                        0x08004711   Thumb Code    16  dtek_tle5012b.o(.text.getNumRevolutions)
    getTemperature                           0x08004721   Thumb Code   120  dtek_tle5012b.o(.text.getTemperature)
    getUpdAngleSpeed                         0x080047a9   Thumb Code   210  dtek_tle5012b.o(.text.getUpdAngleSpeed)
    getUpdAngleValue                         0x08004881   Thumb Code    96  dtek_tle5012b.o(.text.getUpdAngleValue)
    getUpdNumRevolutions                     0x080048e9   Thumb Code    16  dtek_tle5012b.o(.text.getUpdNumRevolutions)
    main                                     0x080048f9   Thumb Code   248  main.o(.text.main)
    readAngleRevolution                      0x080049f1   Thumb Code   106  dtek_tle5012b.o(.text.readAngleRevolution)
    readAngleSpeed                           0x08004a5d   Thumb Code   108  dtek_tle5012b.o(.text.readAngleSpeed)
    readAngleValue                           0x08004ac9   Thumb Code   108  dtek_tle5012b.o(.text.readAngleValue)
    readBlockCRC                             0x08004b35   Thumb Code   178  dtek_tle5012b.o(.text.readBlockCRC)
    readFromSensor                           0x08004be9   Thumb Code   224  dtek_tle5012b.o(.text.readFromSensor)
    readIntMode1                             0x08004cc9   Thumb Code    20  dtek_tle5012b.o(.text.readIntMode1)
    readIntMode2                             0x08004cdd   Thumb Code    20  dtek_tle5012b.o(.text.readIntMode2)
    readTemp                                 0x08004cf1   Thumb Code   112  dtek_tle5012b.o(.text.readTemp)
    readUpdAngleRevolution                   0x08004d61   Thumb Code   110  dtek_tle5012b.o(.text.readUpdAngleRevolution)
    readUpdAngleSpeed                        0x08004dd1   Thumb Code   114  dtek_tle5012b.o(.text.readUpdAngleSpeed)
    readUpdAngleValue                        0x08004e45   Thumb Code   112  dtek_tle5012b.o(.text.readUpdAngleValue)
    resetSafety                              0x08004eb5   Thumb Code   120  dtek_tle5012b.o(.text.resetSafety)
    triggerUpdate                            0x08004f2d   Thumb Code    76  dtek_tle5012b.o(.text.triggerUpdate)
    __aeabi_dadd                             0x08004f79   Thumb Code     0  daddsub_clz.o(x$fpl$dadd)
    _dadd                                    0x08004f79   Thumb Code   332  daddsub_clz.o(x$fpl$dadd)
    __aeabi_ddiv                             0x080050c9   Thumb Code     0  ddiv.o(x$fpl$ddiv)
    _ddiv                                    0x080050c9   Thumb Code   560  ddiv.o(x$fpl$ddiv)
    __aeabi_i2d                              0x08005381   Thumb Code     0  dflt_clz.o(x$fpl$dflt)
    _dflt                                    0x08005381   Thumb Code    46  dflt_clz.o(x$fpl$dflt)
    __aeabi_ui2d                             0x080053af   Thumb Code     0  dflt_clz.o(x$fpl$dfltu)
    _dfltu                                   0x080053af   Thumb Code    38  dflt_clz.o(x$fpl$dfltu)
    __aeabi_dmul                             0x080053d5   Thumb Code     0  dmul.o(x$fpl$dmul)
    _dmul                                    0x080053d5   Thumb Code   332  dmul.o(x$fpl$dmul)
    __fpl_dnaninf                            0x08005529   Thumb Code   156  dnaninf.o(x$fpl$dnaninf)
    __fpl_dretinf                            0x080055c5   Thumb Code    12  dretinf.o(x$fpl$dretinf)
    __aeabi_dsub                             0x080055d1   Thumb Code     0  daddsub_clz.o(x$fpl$dsub)
    _dsub                                    0x080055d1   Thumb Code   472  daddsub_clz.o(x$fpl$dsub)
    _fp_init                                 0x080057ad   Thumb Code    26  fpinit.o(x$fpl$fpinit)
    __fplib_config_fpu_vfp                   0x080057c5   Thumb Code     0  fpinit.o(x$fpl$fpinit)
    __fplib_config_pureend_doubles           0x080057c5   Thumb Code     0  fpinit.o(x$fpl$fpinit)
    AHBPrescTable                            0x080057c6   Data          16  system_stm32f4xx.o(.rodata.AHBPrescTable)
    __I$use$fp                               0x080057c6   Number         0  usenofp.o(x$fpl$usenofp)
    APBPrescTable                            0x080057d6   Data           8  system_stm32f4xx.o(.rodata.APBPrescTable)
    Region$$Table$$Base                      0x080057e8   Number         0  anon$$obj.o(Region$$Table)
    Region$$Table$$Limit                     0x08005808   Number         0  anon$$obj.o(Region$$Table)
    SystemCoreClock                          0x20000000   Data           4  system_stm32f4xx.o(.data.SystemCoreClock)
    uwTickFreq                               0x20000004   Data           1  stm32f4xx_hal.o(.data.uwTickFreq)
    uwTickPrio                               0x20000008   Data           4  stm32f4xx_hal.o(.data.uwTickPrio)
    __libspace_start                         0x20000010   Data          96  libspace.o(.bss)
    Hi05RUart                                0x20000070   Data         116  main.o(.bss.Hi05RUart)
    __temporary_stack_top$libspace           0x20000070   Data           0  libspace.o(.bss)
    _registers                               0x200000e4   Data          16  dtek_tle5012b.o(.bss._registers)
    hdma_usart1_rx                           0x200000f4   Data          96  usart.o(.bss.hdma_usart1_rx)
    hdma_usart1_tx                           0x20000154   Data          96  usart.o(.bss.hdma_usart1_tx)
    hdma_usart2_rx                           0x200001b4   Data          96  usart.o(.bss.hdma_usart2_rx)
    hdma_usart2_tx                           0x20000214   Data          96  usart.o(.bss.hdma_usart2_tx)
    hspi1                                    0x20000274   Data          88  spi.o(.bss.hspi1)
    huart1                                   0x200002cc   Data          72  usart.o(.bss.huart1)
    huart2                                   0x20000314   Data          72  usart.o(.bss.huart2)
    init_config                              0x20000360   Data          16  main.o(.bss.init_config)
    odom_imu                                 0x20000370   Data          76  main.o(.bss.odom_imu)
    uwTick                                   0x200003d0   Data           4  stm32f4xx_hal.o(.bss.uwTick)



==============================================================================

Memory Map of the image

  Image Entry point : 0x08000189

  Load Region LR_IROM1 (Base: 0x08000000, Size: 0x00005818, Max: 0x00100000, ABSOLUTE)

    Execution Region ER_IROM1 (Exec base: 0x08000000, Load base: 0x08000000, Size: 0x00005808, Max: 0x00100000, ABSOLUTE)

    Exec Addr    Load Addr    Size         Type   Attr      Idx    E Section Name        Object

    0x08000000   0x08000000   0x00000188   Data   RO            3    RESET               startup_stm32f405xx.o
    0x08000188   0x08000188   0x00000008   Code   RO          930  * !!!main             c_w.l(__main.o)
    0x08000190   0x08000190   0x0000005c   Code   RO         1128    !!!scatter          c_w.l(__scatter.o)
    0x080001ec   0x080001ec   0x0000001a   Code   RO         1132    !!handler_copy      c_w.l(__scatter_copy.o)
    0x08000206   0x08000206   0x00000002   PAD
    0x08000208   0x08000208   0x00000002   Code   RO         1129    !!handler_null      c_w.l(__scatter.o)
    0x0800020a   0x0800020a   0x00000002   PAD
    0x0800020c   0x0800020c   0x0000001c   Code   RO         1134    !!handler_zi        c_w.l(__scatter_zi.o)
    0x08000228   0x08000228   0x00000002   Code   RO          990    .ARM.Collect$$libinit$$00000000  c_w.l(libinit.o)
    0x0800022a   0x0800022a   0x00000004   Code   RO         1002    .ARM.Collect$$libinit$$00000001  c_w.l(libinit2.o)
    0x0800022e   0x0800022e   0x00000000   Code   RO         1005    .ARM.Collect$$libinit$$00000004  c_w.l(libinit2.o)
    0x0800022e   0x0800022e   0x00000000   Code   RO         1007    .ARM.Collect$$libinit$$00000006  c_w.l(libinit2.o)
    0x0800022e   0x0800022e   0x00000000   Code   RO         1010    .ARM.Collect$$libinit$$0000000C  c_w.l(libinit2.o)
    0x0800022e   0x0800022e   0x00000000   Code   RO         1012    .ARM.Collect$$libinit$$0000000E  c_w.l(libinit2.o)
    0x0800022e   0x0800022e   0x00000000   Code   RO         1014    .ARM.Collect$$libinit$$00000010  c_w.l(libinit2.o)
    0x0800022e   0x0800022e   0x00000000   Code   RO         1017    .ARM.Collect$$libinit$$00000013  c_w.l(libinit2.o)
    0x0800022e   0x0800022e   0x00000000   Code   RO         1019    .ARM.Collect$$libinit$$00000015  c_w.l(libinit2.o)
    0x0800022e   0x0800022e   0x00000000   Code   RO         1021    .ARM.Collect$$libinit$$00000017  c_w.l(libinit2.o)
    0x0800022e   0x0800022e   0x00000000   Code   RO         1023    .ARM.Collect$$libinit$$00000019  c_w.l(libinit2.o)
    0x0800022e   0x0800022e   0x00000000   Code   RO         1025    .ARM.Collect$$libinit$$0000001B  c_w.l(libinit2.o)
    0x0800022e   0x0800022e   0x00000000   Code   RO         1027    .ARM.Collect$$libinit$$0000001D  c_w.l(libinit2.o)
    0x0800022e   0x0800022e   0x00000000   Code   RO         1029    .ARM.Collect$$libinit$$0000001F  c_w.l(libinit2.o)
    0x0800022e   0x0800022e   0x00000000   Code   RO         1031    .ARM.Collect$$libinit$$00000021  c_w.l(libinit2.o)
    0x0800022e   0x0800022e   0x00000000   Code   RO         1033    .ARM.Collect$$libinit$$00000023  c_w.l(libinit2.o)
    0x0800022e   0x0800022e   0x00000000   Code   RO         1035    .ARM.Collect$$libinit$$00000025  c_w.l(libinit2.o)
    0x0800022e   0x0800022e   0x00000000   Code   RO         1037    .ARM.Collect$$libinit$$00000027  c_w.l(libinit2.o)
    0x0800022e   0x0800022e   0x00000000   Code   RO         1041    .ARM.Collect$$libinit$$0000002E  c_w.l(libinit2.o)
    0x0800022e   0x0800022e   0x00000000   Code   RO         1043    .ARM.Collect$$libinit$$00000030  c_w.l(libinit2.o)
    0x0800022e   0x0800022e   0x00000000   Code   RO         1045    .ARM.Collect$$libinit$$00000032  c_w.l(libinit2.o)
    0x0800022e   0x0800022e   0x00000000   Code   RO         1047    .ARM.Collect$$libinit$$00000034  c_w.l(libinit2.o)
    0x0800022e   0x0800022e   0x00000002   Code   RO         1048    .ARM.Collect$$libinit$$00000035  c_w.l(libinit2.o)
    0x08000230   0x08000230   0x00000002   Code   RO         1083    .ARM.Collect$$libshutdown$$00000000  c_w.l(libshutdown.o)
    0x08000232   0x08000232   0x00000000   Code   RO         1111    .ARM.Collect$$libshutdown$$00000002  c_w.l(libshutdown2.o)
    0x08000232   0x08000232   0x00000000   Code   RO         1113    .ARM.Collect$$libshutdown$$00000004  c_w.l(libshutdown2.o)
    0x08000232   0x08000232   0x00000000   Code   RO         1116    .ARM.Collect$$libshutdown$$00000007  c_w.l(libshutdown2.o)
    0x08000232   0x08000232   0x00000000   Code   RO         1119    .ARM.Collect$$libshutdown$$0000000A  c_w.l(libshutdown2.o)
    0x08000232   0x08000232   0x00000000   Code   RO         1121    .ARM.Collect$$libshutdown$$0000000C  c_w.l(libshutdown2.o)
    0x08000232   0x08000232   0x00000000   Code   RO         1124    .ARM.Collect$$libshutdown$$0000000F  c_w.l(libshutdown2.o)
    0x08000232   0x08000232   0x00000002   Code   RO         1125    .ARM.Collect$$libshutdown$$00000010  c_w.l(libshutdown2.o)
    0x08000234   0x08000234   0x00000000   Code   RO          950    .ARM.Collect$$rtentry$$00000000  c_w.l(__rtentry.o)
    0x08000234   0x08000234   0x00000000   Code   RO          961    .ARM.Collect$$rtentry$$00000002  c_w.l(__rtentry2.o)
    0x08000234   0x08000234   0x00000006   Code   RO          973    .ARM.Collect$$rtentry$$00000004  c_w.l(__rtentry4.o)
    0x0800023a   0x0800023a   0x00000000   Code   RO          963    .ARM.Collect$$rtentry$$00000009  c_w.l(__rtentry2.o)
    0x0800023a   0x0800023a   0x00000004   Code   RO          964    .ARM.Collect$$rtentry$$0000000A  c_w.l(__rtentry2.o)
    0x0800023e   0x0800023e   0x00000000   Code   RO          966    .ARM.Collect$$rtentry$$0000000C  c_w.l(__rtentry2.o)
    0x0800023e   0x0800023e   0x00000008   Code   RO          967    .ARM.Collect$$rtentry$$0000000D  c_w.l(__rtentry2.o)
    0x08000246   0x08000246   0x00000002   Code   RO          994    .ARM.Collect$$rtexit$$00000000  c_w.l(rtexit.o)
    0x08000248   0x08000248   0x00000000   Code   RO         1054    .ARM.Collect$$rtexit$$00000002  c_w.l(rtexit2.o)
    0x08000248   0x08000248   0x00000004   Code   RO         1055    .ARM.Collect$$rtexit$$00000003  c_w.l(rtexit2.o)
    0x0800024c   0x0800024c   0x00000006   Code   RO         1056    .ARM.Collect$$rtexit$$00000004  c_w.l(rtexit2.o)
    0x08000252   0x08000252   0x00000002   PAD
    0x08000254   0x08000254   0x00000040   Code   RO            4    .text               startup_stm32f405xx.o
    0x08000294   0x08000294   0x000000f0   Code   RO          924    .text               c_w.l(lludivv7m.o)
    0x08000384   0x08000384   0x0000004e   Code   RO          926    .text               c_w.l(rt_memclr_w.o)
    0x080003d2   0x080003d2   0x00000006   Code   RO          928    .text               c_w.l(heapauxi.o)
    0x080003d8   0x080003d8   0x0000004a   Code   RO          977    .text               c_w.l(sys_stackheap_outer.o)
    0x08000422   0x08000422   0x00000012   Code   RO          979    .text               c_w.l(exit.o)
    0x08000434   0x08000434   0x00000008   Code   RO          991    .text               c_w.l(libspace.o)
    0x0800043c   0x0800043c   0x0000000c   Code   RO         1049    .text               c_w.l(sys_exit.o)
    0x08000448   0x08000448   0x00000002   Code   RO         1072    .text               c_w.l(use_no_semi.o)
    0x0800044a   0x0800044a   0x00000000   Code   RO         1074    .text               c_w.l(indicate_semi.o)
    0x0800044a   0x0800044a   0x00000002   PAD
    0x0800044c   0x0800044c   0x00000004   Code   RO           87    .text.BusFault_Handler  stm32f4xx_it.o
    0x08000450   0x08000450   0x00000010   Code   RO           99    .text.DMA1_Stream5_IRQHandler  stm32f4xx_it.o
    0x08000460   0x08000460   0x00000010   Code   RO          101    .text.DMA1_Stream6_IRQHandler  stm32f4xx_it.o
    0x08000470   0x08000470   0x00000010   Code   RO          107    .text.DMA2_Stream2_IRQHandler  stm32f4xx_it.o
    0x08000480   0x08000480   0x00000010   Code   RO          109    .text.DMA2_Stream7_IRQHandler  stm32f4xx_it.o
    0x08000490   0x08000490   0x00000056   Code   RO          421    .text.DMA_CalcBaseAndBitshift  stm32f4xx_hal_dma.o
    0x080004e6   0x080004e6   0x00000002   PAD
    0x080004e8   0x080004e8   0x000000f0   Code   RO          419    .text.DMA_CheckFifoParam  stm32f4xx_hal_dma.o
    0x080005d8   0x080005d8   0x00000050   Code   RO          427    .text.DMA_SetConfig  stm32f4xx_hal_dma.o
    0x08000628   0x08000628   0x00000002   Code   RO           93    .text.DebugMon_Handler  stm32f4xx_it.o
    0x0800062a   0x0800062a   0x00000002   PAD
    0x0800062c   0x0800062c   0x00000006   Code   RO           17    .text.Error_Handler  main.o
    0x08000632   0x08000632   0x00000002   PAD
    0x08000634   0x08000634   0x000000ec   Code   RO          431    .text.HAL_DMA_Abort  stm32f4xx_hal_dma.o
    0x08000720   0x08000720   0x00000044   Code   RO          433    .text.HAL_DMA_Abort_IT  stm32f4xx_hal_dma.o
    0x08000764   0x08000764   0x0000031e   Code   RO          437    .text.HAL_DMA_IRQHandler  stm32f4xx_hal_dma.o
    0x08000a82   0x08000a82   0x00000002   PAD
    0x08000a84   0x08000a84   0x0000016e   Code   RO          417    .text.HAL_DMA_Init  stm32f4xx_hal_dma.o
    0x08000bf2   0x08000bf2   0x00000002   PAD
    0x08000bf4   0x08000bf4   0x000000c2   Code   RO          429    .text.HAL_DMA_Start_IT  stm32f4xx_hal_dma.o
    0x08000cb6   0x08000cb6   0x00000002   PAD
    0x08000cb8   0x08000cb8   0x00000042   Code   RO          612    .text.HAL_Delay     stm32f4xx_hal.o
    0x08000cfa   0x08000cfa   0x00000002   PAD
    0x08000cfc   0x08000cfc   0x000003b6   Code   RO          379    .text.HAL_GPIO_Init  stm32f4xx_hal_gpio.o
    0x080010b2   0x080010b2   0x00000002   PAD
    0x080010b4   0x080010b4   0x0000002e   Code   RO          385    .text.HAL_GPIO_WritePin  stm32f4xx_hal_gpio.o
    0x080010e2   0x080010e2   0x00000002   PAD
    0x080010e4   0x080010e4   0x0000000c   Code   RO          604    .text.HAL_GetTick   stm32f4xx_hal.o
    0x080010f0   0x080010f0   0x0000001a   Code   RO          602    .text.HAL_IncTick   stm32f4xx_hal.o
    0x0800110a   0x0800110a   0x00000002   PAD
    0x0800110c   0x0800110c   0x00000036   Code   RO          592    .text.HAL_Init      stm32f4xx_hal.o
    0x08001142   0x08001142   0x00000002   PAD
    0x08001144   0x08001144   0x00000070   Code   RO          594    .text.HAL_InitTick  stm32f4xx_hal.o
    0x080011b4   0x080011b4   0x0000004a   Code   RO          118    .text.HAL_MspInit   stm32f4xx_hal_msp.o
    0x080011fe   0x080011fe   0x00000002   PAD
    0x08001200   0x08001200   0x00000014   Code   RO          527    .text.HAL_NVIC_EnableIRQ  stm32f4xx_hal_cortex.o
    0x08001214   0x08001214   0x00000032   Code   RO          519    .text.HAL_NVIC_SetPriority  stm32f4xx_hal_cortex.o
    0x08001246   0x08001246   0x00000002   PAD
    0x08001248   0x08001248   0x00000010   Code   RO          515    .text.HAL_NVIC_SetPriorityGrouping  stm32f4xx_hal_cortex.o
    0x08001258   0x08001258   0x00000262   Code   RO          247    .text.HAL_RCC_ClockConfig  stm32f4xx_hal_rcc.o
    0x080014ba   0x080014ba   0x00000002   PAD
    0x080014bc   0x080014bc   0x0000000c   Code   RO          257    .text.HAL_RCC_GetHCLKFreq  stm32f4xx_hal_rcc.o
    0x080014c8   0x080014c8   0x00000022   Code   RO          259    .text.HAL_RCC_GetPCLK1Freq  stm32f4xx_hal_rcc.o
    0x080014ea   0x080014ea   0x00000002   PAD
    0x080014ec   0x080014ec   0x00000022   Code   RO          261    .text.HAL_RCC_GetPCLK2Freq  stm32f4xx_hal_rcc.o
    0x0800150e   0x0800150e   0x00000002   PAD
    0x08001510   0x08001510   0x000000e6   Code   RO          249    .text.HAL_RCC_GetSysClockFreq  stm32f4xx_hal_rcc.o
    0x080015f6   0x080015f6   0x00000002   PAD
    0x080015f8   0x080015f8   0x000006be   Code   RO          245    .text.HAL_RCC_OscConfig  stm32f4xx_hal_rcc.o
    0x08001cb6   0x08001cb6   0x00000002   PAD
    0x08001cb8   0x08001cb8   0x00000102   Code   RO          126    .text.HAL_SPI_Init  stm32f4xx_hal_spi.o
    0x08001dba   0x08001dba   0x00000002   PAD
    0x08001dbc   0x08001dbc   0x0000008e   Code   RO           48    .text.HAL_SPI_MspInit  spi.o
    0x08001e4a   0x08001e4a   0x00000002   PAD
    0x08001e4c   0x08001e4c   0x0000024e   Code   RO          138    .text.HAL_SPI_Receive  stm32f4xx_hal_spi.o
    0x0800209a   0x0800209a   0x00000002   PAD
    0x0800209c   0x0800209c   0x000002a2   Code   RO          134    .text.HAL_SPI_Transmit  stm32f4xx_hal_spi.o
    0x0800233e   0x0800233e   0x00000002   PAD
    0x08002340   0x08002340   0x000003a2   Code   RO          140    .text.HAL_SPI_TransmitReceive  stm32f4xx_hal_spi.o
    0x080026e2   0x080026e2   0x00000002   PAD
    0x080026e4   0x080026e4   0x00000010   Code   RO          539    .text.HAL_SYSTICK_Config  stm32f4xx_hal_cortex.o
    0x080026f4   0x080026f4   0x000000b8   Code   RO          735    .text.HAL_UARTEx_ReceiveToIdle_DMA  stm32f4xx_hal_uart.o
    0x080027ac   0x080027ac   0x000000ca   Code   RO          834    .text.HAL_UARTEx_RxEventCallback  bsp_usart.o
    0x08002876   0x08002876   0x00000002   PAD
    0x08002878   0x08002878   0x00000084   Code   RO          836    .text.HAL_UART_ErrorCallback  bsp_usart.o
    0x080028fc   0x080028fc   0x0000045c   Code   RO          765    .text.HAL_UART_IRQHandler  stm32f4xx_hal_uart.o
    0x08002d58   0x08002d58   0x0000009e   Code   RO          681    .text.HAL_UART_Init  stm32f4xx_hal_uart.o
    0x08002df6   0x08002df6   0x00000002   PAD
    0x08002df8   0x08002df8   0x00000282   Code   RO           64    .text.HAL_UART_MspInit  usart.o
    0x0800307a   0x0800307a   0x00000002   PAD
    0x0800307c   0x0800307c   0x00000008   Code   RO          783    .text.HAL_UART_RxCpltCallback  stm32f4xx_hal_uart.o
    0x08003084   0x08003084   0x00000008   Code   RO          785    .text.HAL_UART_RxHalfCpltCallback  stm32f4xx_hal_uart.o
    0x0800308c   0x0800308c   0x00000008   Code   RO          779    .text.HAL_UART_TxCpltCallback  stm32f4xx_hal_uart.o
    0x08003094   0x08003094   0x0000015c   Code   RO          847    .text.HI05R_get     hi05r.o
    0x080031f0   0x080031f0   0x00000004   Code   RO           83    .text.HardFault_Handler  stm32f4xx_it.o
    0x080031f4   0x080031f4   0x00000052   Code   RO           11    .text.Hi05RCallBack  main.o
    0x08003246   0x08003246   0x00000002   PAD
    0x08003248   0x08003248   0x00000096   Code   RO           38    .text.MX_DMA_Init   dma.o
    0x080032de   0x080032de   0x00000002   PAD
    0x080032e0   0x080032e0   0x000000e2   Code   RO           30    .text.MX_GPIO_Init  gpio.o
    0x080033c2   0x080033c2   0x00000002   PAD
    0x080033c4   0x080033c4   0x00000054   Code   RO           46    .text.MX_SPI1_Init  spi.o
    0x08003418   0x08003418   0x00000040   Code   RO           60    .text.MX_USART1_UART_Init  usart.o
    0x08003458   0x08003458   0x00000040   Code   RO           62    .text.MX_USART2_UART_Init  usart.o
    0x08003498   0x08003498   0x00000004   Code   RO           85    .text.MemManage_Handler  stm32f4xx_it.o
    0x0800349c   0x0800349c   0x00000004   Code   RO           81    .text.NMI_Handler   stm32f4xx_it.o
    0x080034a0   0x080034a0   0x0000006c   Code   RO          525    .text.NVIC_EncodePriority  stm32f4xx_hal_cortex.o
    0x0800350c   0x0800350c   0x00000002   Code   RO           95    .text.PendSV_Handler  stm32f4xx_it.o
    0x0800350e   0x0800350e   0x00000002   PAD
    0x08003510   0x08003510   0x00000012   Code   RO          849    .text.R4            hi05r.o
    0x08003522   0x08003522   0x00000002   PAD
    0x08003524   0x08003524   0x000000e4   Code   RO          142    .text.SPI_EndRxTransaction  stm32f4xx_hal_spi.o
    0x08003608   0x08003608   0x000000cc   Code   RO          136    .text.SPI_EndRxTxTransaction  stm32f4xx_hal_spi.o
    0x080036d4   0x080036d4   0x0000012c   Code   RO          234    .text.SPI_WaitFlagStateUntilTimeout  stm32f4xx_hal_spi.o
    0x08003800   0x08003800   0x00000002   Code   RO           91    .text.SVC_Handler   stm32f4xx_it.o
    0x08003802   0x08003802   0x00000002   PAD
    0x08003804   0x08003804   0x00000052   Code   RO          541    .text.SysTick_Config  stm32f4xx_hal_cortex.o
    0x08003856   0x08003856   0x00000002   PAD
    0x08003858   0x08003858   0x00000008   Code   RO           97    .text.SysTick_Handler  stm32f4xx_it.o
    0x08003860   0x08003860   0x000000bc   Code   RO           15    .text.SystemClock_Config  main.o
    0x0800391c   0x0800391c   0x00000012   Code   RO          812    .text.SystemInit    system_stm32f4xx.o
    0x0800392e   0x0800392e   0x00000002   PAD
    0x08003930   0x08003930   0x00000010   Code   RO          851    .text.U4            hi05r.o
    0x08003940   0x08003940   0x0000001c   Code   RO          769    .text.UART_DMAAbortOnError  stm32f4xx_hal_uart.o
    0x0800395c   0x0800395c   0x0000007c   Code   RO          715    .text.UART_DMAError  stm32f4xx_hal_uart.o
    0x080039d8   0x080039d8   0x000000f4   Code   RO          801    .text.UART_DMAReceiveCplt  stm32f4xx_hal_uart.o
    0x08003acc   0x08003acc   0x00000034   Code   RO          803    .text.UART_DMARxHalfCplt  stm32f4xx_hal_uart.o
    0x08003b00   0x08003b00   0x00000094   Code   RO          729    .text.UART_EndRxTransfer  stm32f4xx_hal_uart.o
    0x08003b94   0x08003b94   0x00000026   Code   RO          777    .text.UART_EndTransmit_IT  stm32f4xx_hal_uart.o
    0x08003bba   0x08003bba   0x00000002   PAD
    0x08003bbc   0x08003bbc   0x00000036   Code   RO          727    .text.UART_EndTxTransfer  stm32f4xx_hal_uart.o
    0x08003bf2   0x08003bf2   0x00000002   PAD
    0x08003bf4   0x08003bf4   0x00000168   Code   RO          767    .text.UART_Receive_IT  stm32f4xx_hal_uart.o
    0x08003d5c   0x08003d5c   0x0000013a   Code   RO          685    .text.UART_SetConfig  stm32f4xx_hal_uart.o
    0x08003e96   0x08003e96   0x00000002   PAD
    0x08003e98   0x08003e98   0x00000130   Code   RO          719    .text.UART_Start_Receive_DMA  stm32f4xx_hal_uart.o
    0x08003fc8   0x08003fc8   0x00000094   Code   RO          775    .text.UART_Transmit_IT  stm32f4xx_hal_uart.o
    0x0800405c   0x0800405c   0x00000010   Code   RO          103    .text.USART1_IRQHandler  stm32f4xx_it.o
    0x0800406c   0x0800406c   0x00000010   Code   RO          105    .text.USART2_IRQHandler  stm32f4xx_it.o
    0x0800407c   0x0800407c   0x00000058   Code   RO          828    .text.USARTRegister  bsp_usart.o
    0x080040d4   0x080040d4   0x00000026   Code   RO          826    .text.USARTServiceInit  bsp_usart.o
    0x080040fa   0x080040fa   0x00000002   PAD
    0x080040fc   0x080040fc   0x00000004   Code   RO           89    .text.UsageFault_Handler  stm32f4xx_it.o
    0x08004100   0x08004100   0x00000030   Code   RO          529    .text.__NVIC_EnableIRQ  stm32f4xx_hal_cortex.o
    0x08004130   0x08004130   0x00000010   Code   RO          521    .text.__NVIC_GetPriorityGrouping  stm32f4xx_hal_cortex.o
    0x08004140   0x08004140   0x00000042   Code   RO          523    .text.__NVIC_SetPriority  stm32f4xx_hal_cortex.o
    0x08004182   0x08004182   0x00000002   PAD
    0x08004184   0x08004184   0x0000003c   Code   RO          517    .text.__NVIC_SetPriorityGrouping  stm32f4xx_hal_cortex.o
    0x080041c0   0x080041c0   0x00000148   Code   RO          896    .text._calculateAngleSpeed  dtek_tle5012b.o
    0x08004308   0x08004308   0x0000008e   Code   RO          864    .text._crc8         dtek_tle5012b.o
    0x08004396   0x08004396   0x00000002   PAD
    0x08004398   0x08004398   0x00000018   Code   RO          866    .text._crcCalc      dtek_tle5012b.o
    0x080043b0   0x080043b0   0x0000000e   Code   RO          860    .text._getFirstByte  dtek_tle5012b.o
    0x080043be   0x080043be   0x00000002   PAD
    0x080043c0   0x080043c0   0x0000000e   Code   RO          862    .text._getSecondByte  dtek_tle5012b.o
    0x080043ce   0x080043ce   0x00000002   PAD
    0x080043d0   0x080043d0   0x00000156   Code   RO          872    .text.checkSafety   dtek_tle5012b.o
    0x08004526   0x08004526   0x00000002   PAD
    0x08004528   0x08004528   0x000000a0   Code   RO          900    .text.getAngleRange  dtek_tle5012b.o
    0x080045c8   0x080045c8   0x000000dc   Code   RO          898    .text.getAngleSpeed  dtek_tle5012b.o
    0x080046a4   0x080046a4   0x00000004   PAD
    0x080046a8   0x080046a8   0x00000068   Code   RO          902    .text.getAngleValue  dtek_tle5012b.o
    0x08004710   0x08004710   0x00000010   Code   RO          904    .text.getNumRevolutions  dtek_tle5012b.o
    0x08004720   0x08004720   0x00000088   Code   RO          912    .text.getTemperature  dtek_tle5012b.o
    0x080047a8   0x080047a8   0x000000d2   Code   RO          906    .text.getUpdAngleSpeed  dtek_tle5012b.o
    0x0800487a   0x0800487a   0x00000006   PAD
    0x08004880   0x08004880   0x00000068   Code   RO          908    .text.getUpdAngleValue  dtek_tle5012b.o
    0x080048e8   0x080048e8   0x00000010   Code   RO          910    .text.getUpdNumRevolutions  dtek_tle5012b.o
    0x080048f8   0x080048f8   0x000000f8   Code   RO           13    .text.main          main.o
    0x080049f0   0x080049f0   0x0000006a   Code   RO          888    .text.readAngleRevolution  dtek_tle5012b.o
    0x08004a5a   0x08004a5a   0x00000002   PAD
    0x08004a5c   0x08004a5c   0x0000006c   Code   RO          880    .text.readAngleSpeed  dtek_tle5012b.o
    0x08004ac8   0x08004ac8   0x0000006c   Code   RO          878    .text.readAngleValue  dtek_tle5012b.o
    0x08004b34   0x08004b34   0x000000b2   Code   RO          876    .text.readBlockCRC  dtek_tle5012b.o
    0x08004be6   0x08004be6   0x00000002   PAD
    0x08004be8   0x08004be8   0x000000e0   Code   RO          874    .text.readFromSensor  dtek_tle5012b.o
    0x08004cc8   0x08004cc8   0x00000014   Code   RO          892    .text.readIntMode1  dtek_tle5012b.o
    0x08004cdc   0x08004cdc   0x00000014   Code   RO          894    .text.readIntMode2  dtek_tle5012b.o
    0x08004cf0   0x08004cf0   0x00000070   Code   RO          890    .text.readTemp      dtek_tle5012b.o
    0x08004d60   0x08004d60   0x0000006e   Code   RO          886    .text.readUpdAngleRevolution  dtek_tle5012b.o
    0x08004dce   0x08004dce   0x00000002   PAD
    0x08004dd0   0x08004dd0   0x00000072   Code   RO          884    .text.readUpdAngleSpeed  dtek_tle5012b.o
    0x08004e42   0x08004e42   0x00000002   PAD
    0x08004e44   0x08004e44   0x00000070   Code   RO          882    .text.readUpdAngleValue  dtek_tle5012b.o
    0x08004eb4   0x08004eb4   0x00000078   Code   RO          870    .text.resetSafety   dtek_tle5012b.o
    0x08004f2c   0x08004f2c   0x0000004c   Code   RO          868    .text.triggerUpdate  dtek_tle5012b.o
    0x08004f78   0x08004f78   0x00000150   Code   RO          932    x$fpl$dadd          fz_wm.l(daddsub_clz.o)
    0x080050c8   0x080050c8   0x000002b8   Code   RO          939    x$fpl$ddiv          fz_wm.l(ddiv.o)
    0x08005380   0x08005380   0x0000002e   Code   RO          943    x$fpl$dflt          fz_wm.l(dflt_clz.o)
    0x080053ae   0x080053ae   0x00000026   Code   RO          942    x$fpl$dfltu         fz_wm.l(dflt_clz.o)
    0x080053d4   0x080053d4   0x00000154   Code   RO          948    x$fpl$dmul          fz_wm.l(dmul.o)
    0x08005528   0x08005528   0x0000009c   Code   RO          955    x$fpl$dnaninf       fz_wm.l(dnaninf.o)
    0x080055c4   0x080055c4   0x0000000c   Code   RO          957    x$fpl$dretinf       fz_wm.l(dretinf.o)
    0x080055d0   0x080055d0   0x000001dc   Code   RO          934    x$fpl$dsub          fz_wm.l(daddsub_clz.o)
    0x080057ac   0x080057ac   0x0000001a   Code   RO         1066    x$fpl$fpinit        fz_wm.l(fpinit.o)
    0x080057c6   0x080057c6   0x00000000   Code   RO          959    x$fpl$usenofp       fz_wm.l(usenofp.o)
    0x080057c6   0x080057c6   0x00000010   Data   RO          817    .rodata.AHBPrescTable  system_stm32f4xx.o
    0x080057d6   0x080057d6   0x00000008   Data   RO          818    .rodata.APBPrescTable  system_stm32f4xx.o
    0x080057de   0x080057de   0x00000008   Data   RO          447    .rodata.DMA_CalcBaseAndBitshift.flagBitshiftOffset  stm32f4xx_hal_dma.o
    0x080057e6   0x080057e6   0x00000002   PAD
    0x080057e8   0x080057e8   0x00000020   Data   RO         1127    Region$$Table       anon$$obj.o


    Execution Region RW_IRAM1 (Exec base: 0x20000000, Load base: 0x08005808, Size: 0x000009d8, Max: 0x0001c000, ABSOLUTE)

    Exec Addr    Load Addr    Size         Type   Attr      Idx    E Section Name        Object

    0x20000000   0x08005808   0x00000004   Data   RW          816    .data.SystemCoreClock  system_stm32f4xx.o
    0x20000004   0x0800580c   0x00000001   Data   RW          647    .data.uwTickFreq    stm32f4xx_hal.o
    0x20000005   0x0800580d   0x00000003   PAD
    0x20000008   0x08005810   0x00000004   Data   RW          646    .data.uwTickPrio    stm32f4xx_hal.o
    0x2000000c   0x08005814   0x00000004   PAD
    0x20000010        -       0x00000060   Zero   RW          992    .bss                c_w.l(libspace.o)
    0x20000070        -       0x00000074   Zero   RW           19    .bss.Hi05RUart      main.o
    0x200000e4        -       0x00000010   Zero   RW          914    .bss._registers     dtek_tle5012b.o
    0x200000f4        -       0x00000060   Zero   RW           70    .bss.hdma_usart1_rx  usart.o
    0x20000154        -       0x00000060   Zero   RW           71    .bss.hdma_usart1_tx  usart.o
    0x200001b4        -       0x00000060   Zero   RW           72    .bss.hdma_usart2_rx  usart.o
    0x20000214        -       0x00000060   Zero   RW           73    .bss.hdma_usart2_tx  usart.o
    0x20000274        -       0x00000058   Zero   RW           52    .bss.hspi1          spi.o
    0x200002cc        -       0x00000048   Zero   RW           68    .bss.huart1         usart.o
    0x20000314        -       0x00000048   Zero   RW           69    .bss.huart2         usart.o
    0x2000035c        -       0x00000001   Zero   RW          839    .bss.idx            bsp_usart.o
    0x2000035d   0x08005814   0x00000003   PAD
    0x20000360        -       0x00000010   Zero   RW           21    .bss.init_config    main.o
    0x20000370        -       0x0000004c   Zero   RW           20    .bss.odom_imu       main.o
    0x200003bc        -       0x00000014   Zero   RW          838    .bss.usart_instance  bsp_usart.o
    0x200003d0        -       0x00000004   Zero   RW          648    .bss.uwTick         stm32f4xx_hal.o
    0x200003d4   0x08005814   0x00000004   PAD
    0x200003d8        -       0x00000200   Zero   RW            2    HEAP                startup_stm32f405xx.o
    0x200005d8        -       0x00000400   Zero   RW            1    STACK               startup_stm32f405xx.o


    Execution Region RW_IRAM2 (Exec base: 0x2001c000, Load base: 0x08005818, Size: 0x00000000, Max: 0x00004000, ABSOLUTE)

    **** No section assigned to this execution region ****


==============================================================================

Image component sizes


      Code (inc. data)   RO Data    RW Data    ZI Data      Debug   Object Name

       460          0          0          0         21       4923   bsp_usart.o
       150          0          0          0          0       3265   dma.o
      3238         56          0          0         16       7516   dtek_tle5012b.o
       226          0          0          0          0       2103   gpio.o
       382          0          0          0          0       1612   hi05r.o
       524          0          0          0        208       6940   main.o
       226          0          0          0         88       4867   spi.o
        64         26        392          0       1536        836   startup_stm32f405xx.o
       270          0          0          5          4       7047   stm32f4xx_hal.o
       482          0          0          0          0       9658   stm32f4xx_hal_cortex.o
      2068          8          8          0          0       8488   stm32f4xx_hal_dma.o
       996          0          0          0          0       5084   stm32f4xx_hal_gpio.o
        74          0          0          0          0       1465   stm32f4xx_hal_msp.o
      2646          0          0          0          0       7588   stm32f4xx_hal_rcc.o
      3184          0          0          0          0      19448   stm32f4xx_hal_spi.o
      3296          0          0          0          0      20419   stm32f4xx_hal_uart.o
       130          0          0          0          0       1597   stm32f4xx_it.o
        18          0         24          4          0       2495   system_stm32f4xx.o
       770          0          0          0        528       7345   usart.o

    ----------------------------------------------------------------------
     19308         90        458         12       2412     122696   Object Totals
         0          0         32          0          0          0   (incl. Generated)
       104          0          2          3         11          0   (incl. Padding)

    ----------------------------------------------------------------------

      Code (inc. data)   RO Data    RW Data    ZI Data      Debug   Library Member Name

         8          0          0          0          0         68   __main.o
         0          0          0          0          0          0   __rtentry.o
        12          0          0          0          0          0   __rtentry2.o
         6          0          0          0          0          0   __rtentry4.o
        94          8          0          0          0          0   __scatter.o
        26          0          0          0          0          0   __scatter_copy.o
        28          0          0          0          0          0   __scatter_zi.o
        18          0          0          0          0         80   exit.o
         6          0          0          0          0        152   heapauxi.o
         0          0          0          0          0          0   indicate_semi.o
         2          0          0          0          0          0   libinit.o
         6          0          0          0          0          0   libinit2.o
         2          0          0          0          0          0   libshutdown.o
         2          0          0          0          0          0   libshutdown2.o
         8          4          0          0         96         68   libspace.o
       240          0          0          0          0        100   lludivv7m.o
        78          0          0          0          0         80   rt_memclr_w.o
         2          0          0          0          0          0   rtexit.o
        10          0          0          0          0          0   rtexit2.o
        12          4          0          0          0         68   sys_exit.o
        74          0          0          0          0         80   sys_stackheap_outer.o
         2          0          0          0          0         68   use_no_semi.o
       812         16          0          0          0        392   daddsub_clz.o
       696        140          0          0          0        264   ddiv.o
        84          0          0          0          0        232   dflt_clz.o
       340         12          0          0          0        152   dmul.o
       156          4          0          0          0        140   dnaninf.o
        12          0          0          0          0        116   dretinf.o
        26          0          0          0          0        116   fpinit.o
         0          0          0          0          0          0   usenofp.o

    ----------------------------------------------------------------------
      2770        188          0          0         96       2176   Library Totals
         8          0          0          0          0          0   (incl. Padding)

    ----------------------------------------------------------------------

      Code (inc. data)   RO Data    RW Data    ZI Data      Debug   Library Name

       636         16          0          0         96        764   c_w.l
      2126        172          0          0          0       1412   fz_wm.l

    ----------------------------------------------------------------------
      2770        188          0          0         96       2176   Library Totals

    ----------------------------------------------------------------------

==============================================================================


      Code (inc. data)   RO Data    RW Data    ZI Data      Debug   

     22078        278        458         12       2508     123540   Grand Totals
     22078        278        458         12       2508     123540   ELF Image Totals
     22078        278        458         12          0          0   ROM Totals

==============================================================================

    Total RO  Size (Code + RO Data)                22536 (  22.01kB)
    Total RW  Size (RW Data + ZI Data)              2520 (   2.46kB)
    Total ROM Size (Code + RO Data + RW Data)      22548 (  22.02kB)

==============================================================================

